Archive member included to satisfy reference by file (symbol)

c:/users/daniel/appdata/roaming/code/user/globalstorage/bmd.stm32-for-vscode/@xpack-dev-tools/arm-none-eabi-gcc/12.3.1-1.2.1/.content/bin/../lib/gcc/arm-none-eabi/12.3.1/../../../../arm-none-eabi/lib/thumb/v6-m/nofp\libc_nano.a(libc_a-atexit.o)
                              c:/users/daniel/appdata/roaming/code/user/globalstorage/bmd.stm32-for-vscode/@xpack-dev-tools/arm-none-eabi-gcc/12.3.1-1.2.1/.content/bin/../lib/gcc/arm-none-eabi/12.3.1/../../../../arm-none-eabi/lib/thumb/v6-m/nofp/crt0.o (atexit)
c:/users/daniel/appdata/roaming/code/user/globalstorage/bmd.stm32-for-vscode/@xpack-dev-tools/arm-none-eabi-gcc/12.3.1-1.2.1/.content/bin/../lib/gcc/arm-none-eabi/12.3.1/../../../../arm-none-eabi/lib/thumb/v6-m/nofp\libc_nano.a(libc_a-exit.o)
                              c:/users/daniel/appdata/roaming/code/user/globalstorage/bmd.stm32-for-vscode/@xpack-dev-tools/arm-none-eabi-gcc/12.3.1-1.2.1/.content/bin/../lib/gcc/arm-none-eabi/12.3.1/../../../../arm-none-eabi/lib/thumb/v6-m/nofp/crt0.o (exit)
c:/users/daniel/appdata/roaming/code/user/globalstorage/bmd.stm32-for-vscode/@xpack-dev-tools/arm-none-eabi-gcc/12.3.1-1.2.1/.content/bin/../lib/gcc/arm-none-eabi/12.3.1/../../../../arm-none-eabi/lib/thumb/v6-m/nofp\libc_nano.a(libc_a-findfp.o)
                              c:/users/daniel/appdata/roaming/code/user/globalstorage/bmd.stm32-for-vscode/@xpack-dev-tools/arm-none-eabi-gcc/12.3.1-1.2.1/.content/bin/../lib/gcc/arm-none-eabi/12.3.1/../../../../arm-none-eabi/lib/thumb/v6-m/nofp\libc_nano.a(libc_a-exit.o) (__stdio_exit_handler)
c:/users/daniel/appdata/roaming/code/user/globalstorage/bmd.stm32-for-vscode/@xpack-dev-tools/arm-none-eabi-gcc/12.3.1-1.2.1/.content/bin/../lib/gcc/arm-none-eabi/12.3.1/../../../../arm-none-eabi/lib/thumb/v6-m/nofp\libc_nano.a(libc_a-fwalk.o)
                              c:/users/daniel/appdata/roaming/code/user/globalstorage/bmd.stm32-for-vscode/@xpack-dev-tools/arm-none-eabi-gcc/12.3.1-1.2.1/.content/bin/../lib/gcc/arm-none-eabi/12.3.1/../../../../arm-none-eabi/lib/thumb/v6-m/nofp\libc_nano.a(libc_a-findfp.o) (_fwalk_sglue)
c:/users/daniel/appdata/roaming/code/user/globalstorage/bmd.stm32-for-vscode/@xpack-dev-tools/arm-none-eabi-gcc/12.3.1-1.2.1/.content/bin/../lib/gcc/arm-none-eabi/12.3.1/../../../../arm-none-eabi/lib/thumb/v6-m/nofp\libc_nano.a(libc_a-stdio.o)
                              c:/users/daniel/appdata/roaming/code/user/globalstorage/bmd.stm32-for-vscode/@xpack-dev-tools/arm-none-eabi-gcc/12.3.1-1.2.1/.content/bin/../lib/gcc/arm-none-eabi/12.3.1/../../../../arm-none-eabi/lib/thumb/v6-m/nofp\libc_nano.a(libc_a-findfp.o) (__sread)
c:/users/daniel/appdata/roaming/code/user/globalstorage/bmd.stm32-for-vscode/@xpack-dev-tools/arm-none-eabi-gcc/12.3.1-1.2.1/.content/bin/../lib/gcc/arm-none-eabi/12.3.1/../../../../arm-none-eabi/lib/thumb/v6-m/nofp\libc_nano.a(libc_a-memset.o)
                              c:/users/daniel/appdata/roaming/code/user/globalstorage/bmd.stm32-for-vscode/@xpack-dev-tools/arm-none-eabi-gcc/12.3.1-1.2.1/.content/bin/../lib/gcc/arm-none-eabi/12.3.1/../../../../arm-none-eabi/lib/thumb/v6-m/nofp/crt0.o (memset)
c:/users/daniel/appdata/roaming/code/user/globalstorage/bmd.stm32-for-vscode/@xpack-dev-tools/arm-none-eabi-gcc/12.3.1-1.2.1/.content/bin/../lib/gcc/arm-none-eabi/12.3.1/../../../../arm-none-eabi/lib/thumb/v6-m/nofp\libc_nano.a(libc_a-closer.o)
                              c:/users/daniel/appdata/roaming/code/user/globalstorage/bmd.stm32-for-vscode/@xpack-dev-tools/arm-none-eabi-gcc/12.3.1-1.2.1/.content/bin/../lib/gcc/arm-none-eabi/12.3.1/../../../../arm-none-eabi/lib/thumb/v6-m/nofp\libc_nano.a(libc_a-stdio.o) (_close_r)
c:/users/daniel/appdata/roaming/code/user/globalstorage/bmd.stm32-for-vscode/@xpack-dev-tools/arm-none-eabi-gcc/12.3.1-1.2.1/.content/bin/../lib/gcc/arm-none-eabi/12.3.1/../../../../arm-none-eabi/lib/thumb/v6-m/nofp\libc_nano.a(libc_a-reent.o)
                              c:/users/daniel/appdata/roaming/code/user/globalstorage/bmd.stm32-for-vscode/@xpack-dev-tools/arm-none-eabi-gcc/12.3.1-1.2.1/.content/bin/../lib/gcc/arm-none-eabi/12.3.1/../../../../arm-none-eabi/lib/thumb/v6-m/nofp\libc_nano.a(libc_a-closer.o) (errno)
c:/users/daniel/appdata/roaming/code/user/globalstorage/bmd.stm32-for-vscode/@xpack-dev-tools/arm-none-eabi-gcc/12.3.1-1.2.1/.content/bin/../lib/gcc/arm-none-eabi/12.3.1/../../../../arm-none-eabi/lib/thumb/v6-m/nofp\libc_nano.a(libc_a-impure.o)
                              c:/users/daniel/appdata/roaming/code/user/globalstorage/bmd.stm32-for-vscode/@xpack-dev-tools/arm-none-eabi-gcc/12.3.1-1.2.1/.content/bin/../lib/gcc/arm-none-eabi/12.3.1/../../../../arm-none-eabi/lib/thumb/v6-m/nofp\libc_nano.a(libc_a-reent.o) (_impure_ptr)
[...]
Memory Configuration

Name             Origin             Length             Attributes
RAM              0x20000000         0x00001800         xrw
FLASH            0x08000000         0x00008000         xr
*default*        0x00000000         0xffffffff

Linker script and memory map

LOAD c:/users/daniel/appdata/roaming/code/user/globalstorage/bmd.stm32-for-vscode/@xpack-dev-tools/arm-none-eabi-gcc/12.3.1-1.2.1/.content/bin/../lib/gcc/arm-none-eabi/12.3.1/thumb/v6-m/nofp/crti.o
LOAD c:/users/daniel/appdata/roaming/code/user/globalstorage/bmd.stm32-for-vscode/@xpack-dev-tools/arm-none-eabi-gcc/12.3.1-1.2.1/.content/bin/../lib/gcc/arm-none-eabi/12.3.1/thumb/v6-m/nofp/crtbegin.o
LOAD c:/users/daniel/appdata/roaming/code/user/globalstorage/bmd.stm32-for-vscode/@xpack-dev-tools/arm-none-eabi-gcc/12.3.1-1.2.1/.content/bin/../lib/gcc/arm-none-eabi/12.3.1/../../../../arm-none-eabi/lib/thumb/v6-m/nofp/crt0.o
LOAD build/gpio.o
LOAD build/main.o
LOAD build/stm32f0xx_hal_msp.o
LOAD build/stm32f0xx_it.o
LOAD build/system_stm32f0xx.o
LOAD build/tim.o
LOAD build/usart.o
LOAD build/stm32f0xx_hal.o
LOAD build/stm32f0xx_hal_cortex.o
LOAD build/stm32f0xx_hal_dma.o
LOAD build/stm32f0xx_hal_exti.o
LOAD build/stm32f0xx_hal_flash.o
LOAD build/stm32f0xx_hal_flash_ex.o
LOAD build/stm32f0xx_hal_gpio.o
LOAD build/stm32f0xx_hal_i2c.o
LOAD build/stm32f0xx_hal_i2c_ex.o
LOAD build/stm32f0xx_hal_pcd.o
LOAD build/stm32f0xx_hal_pcd_ex.o
LOAD build/stm32f0xx_hal_pwr.o
LOAD build/stm32f0xx_hal_pwr_ex.o
LOAD build/stm32f0xx_hal_rcc.o
LOAD build/stm32f0xx_hal_rcc_ex.o
LOAD build/stm32f0xx_hal_tim.o
LOAD build/stm32f0xx_hal_tim_ex.o
LOAD build/stm32f0xx_hal_uart.o
LOAD build/stm32f0xx_hal_uart_ex.o
LOAD build/stm32f0xx_ll_usb.o
LOAD build/usbd_cdc.o
LOAD build/usbd_core.o
LOAD build/usbd_ctlreq.o
LOAD build/usbd_ioreq.o
LOAD build/usb_device.o
LOAD build/usbd_cdc_if.o
LOAD build/usbd_desc.o
LOAD build/usbd_conf.o
LOAD build/startup_stm32f042x6.o
LOAD c:/users/daniel/appdata/roaming/code/user/globalstorage/bmd.stm32-for-vscode/@xpack-dev-tools/arm-none-eabi-gcc/12.3.1-1.2.1/.content/bin/../lib/gcc/arm-none-eabi/12.3.1/../../../../arm-none-eabi/lib/thumb/v6-m/nofp\libc_nano.a
LOAD c:/users/daniel/appdata/roaming/code/user/globalstorage/bmd.stm32-for-vscode/@xpack-dev-tools/arm-none-eabi-gcc/12.3.1-1.2.1/.content/bin/../lib/gcc/arm-none-eabi/12.3.1/../../../../arm-none-eabi/lib/thumb/v6-m/nofp\libm.a
LOAD c:/users/daniel/appdata/roaming/code/user/globalstorage/bmd.stm32-for-vscode/@xpack-dev-tools/arm-none-eabi-gcc/12.3.1-1.2.1/.content/bin/../lib/gcc/arm-none-eabi/12.3.1/../../../../arm-none-eabi/lib/thumb/v6-m/nofp\libnosys.a
START GROUP
LOAD c:/users/daniel/appdata/roaming/code/user/globalstorage/bmd.stm32-for-vscode/@xpack-dev-tools/arm-none-eabi-gcc/12.3.1-1.2.1/.content/bin/../lib/gcc/arm-none-eabi/12.3.1/thumb/v6-m/nofp\libgcc.a
LOAD c:/users/daniel/appdata/roaming/code/user/globalstorage/bmd.stm32-for-vscode/@xpack-dev-tools/arm-none-eabi-gcc/12.3.1-1.2.1/.content/bin/../lib/gcc/arm-none-eabi/12.3.1/../../../../arm-none-eabi/lib/thumb/v6-m/nofp\libc_nano.a
END GROUP
START GROUP
LOAD c:/users/daniel/appdata/roaming/code/user/globalstorage/bmd.stm32-for-vscode/@xpack-dev-tools/arm-none-eabi-gcc/12.3.1-1.2.1/.content/bin/../lib/gcc/arm-none-eabi/12.3.1/thumb/v6-m/nofp\libgcc.a
LOAD c:/users/daniel/appdata/roaming/code/user/globalstorage/bmd.stm32-for-vscode/@xpack-dev-tools/arm-none-eabi-gcc/12.3.1-1.2.1/.content/bin/../lib/gcc/arm-none-eabi/12.3.1/../../../../arm-none-eabi/lib/thumb/v6-m/nofp\libc_nano.a
END GROUP
LOAD c:/users/daniel/appdata/roaming/code/user/globalstorage/bmd.stm32-for-vscode/@xpack-dev-tools/arm-none-eabi-gcc/12.3.1-1.2.1/.content/bin/../lib/gcc/arm-none-eabi/12.3.1/thumb/v6-m/nofp/crtend.o
LOAD c:/users/daniel/appdata/roaming/code/user/globalstorage/bmd.stm32-for-vscode/@xpack-dev-tools/arm-none-eabi-gcc/12.3.1-1.2.1/.content/bin/../lib/gcc/arm-none-eabi/12.3.1/thumb/v6-m/nofp/crtn.o
                0x20001800                        _estack = (ORIGIN (RAM) + LENGTH (RAM))
                0x00000200                        _Min_Heap_Size = 0x200
                0x00000400                        _Min_Stack_Size = 0x400

.isr_vector     0x08000000       0xc0
                0x08000000                        . = ALIGN (0x4)
 *(.isr_vector)
 .isr_vector    0x08000000       0xc0 build/startup_stm32f042x6.o
                0x08000000                g_pfnVectors
                0x080000c0                        . = ALIGN (0x4)

.text           0x080000c0     0x4cd8
                0x080000c0                        . = ALIGN (0x4)
 *(.text)
 .text          0x080000c0      0x114 c:/users/daniel/appdata/roaming/code/user/globalstorage/bmd.stm32-for-vscode/@xpack-dev-tools/arm-none-eabi-gcc/12.3.1-1.2.1/.content/bin/../lib/gcc/arm-none-eabi/12.3.1/thumb/v6-m/nofp\libgcc.a(_udivsi3.o)
                0x080000c0                __aeabi_uidiv
                0x080000c0                __udivsi3
                0x080001cc                __aeabi_uidivmod
 .text          0x080001d4        0x4 c:/users/daniel/appdata/roaming/code/user/globalstorage/bmd.stm32-for-vscode/@xpack-dev-tools/arm-none-eabi-gcc/12.3.1-1.2.1/.content/bin/../lib/gcc/arm-none-eabi/12.3.1/thumb/v6-m/nofp\libgcc.a(_dvmd_tls.o)
                0x080001d4                __aeabi_idiv0
                0x080001d4                __aeabi_ldiv0
 *(.text*)
 .text.__do_global_dtors_aux
                0x080001d8       0x28 c:/users/daniel/appdata/roaming/code/user/globalstorage/bmd.stm32-for-vscode/@xpack-dev-tools/arm-none-eabi-gcc/12.3.1-1.2.1/.content/bin/../lib/gcc/arm-none-eabi/12.3.1/thumb/v6-m/nofp/crtbegin.o
 .text.frame_dummy
                0x08000200       0x20 c:/users/daniel/appdata/roaming/code/user/globalstorage/bmd.stm32-for-vscode/@xpack-dev-tools/arm-none-eabi-gcc/12.3.1-1.2.1/.content/bin/../lib/gcc/arm-none-eabi/12.3.1/thumb/v6-m/nofp/crtbegin.o
 .text.MX_GPIO_Init
                0x08000220       0x60 build/gpio.o
                0x08000220                MX_GPIO_Init
 .text.Error_Handler
                0x08000280        0x4 build/main.o
                0x08000280                Error_Handler
 .text.SystemClock_Config
                0x08000284       0x72 build/main.o
                0x08000284                SystemClock_Config
 .text.main     0x080002f6       0x1c build/main.o
                0x080002f6                main
 *fill*         0x08000312        0x2 
 .text.HAL_MspInit
                0x08000314       0x3c build/stm32f0xx_hal_msp.o
                0x08000314                HAL_MspInit
 .text.NMI_Handler
                0x08000350        0x2 build/stm32f0xx_it.o
                0x08000350                NMI_Handler
 .text.HardFault_Handler
                0x08000352        0x2 build/stm32f0xx_it.o
                0x08000352                HardFault_Handler
 .text.SVC_Handler
                0x08000354        0x2 build/stm32f0xx_it.o
                0x08000354                SVC_Handler
 .text.PendSV_Handler
                0x08000356        0x2 build/stm32f0xx_it.o
                0x08000356                PendSV_Handler
 .text.SysTick_Handler
                0x08000358        0x8 build/stm32f0xx_it.o
                0x08000358                SysTick_Handler
 .text.USART2_IRQHandler
                0x08000360       0x10 build/stm32f0xx_it.o
                0x08000360                USART2_IRQHandler
 .text.USB_IRQHandler
                0x08000370       0x10 build/stm32f0xx_it.o
                0x08000370                USB_IRQHandler
 .text.SystemInit
                0x08000380        0x2 build/system_stm32f0xx.o
                0x08000380                SystemInit
 *fill*         0x08000382        0x2 
 .text.HAL_TIM_PWM_MspInit
                0x08000384       0x2c build/tim.o
                0x08000384                HAL_TIM_PWM_MspInit
 .text.HAL_TIM_MspPostInit
                0x080003b0       0x50 build/tim.o
                0x080003b0                HAL_TIM_MspPostInit
 .text.MX_TIM3_Init
                0x08000400       0x9c build/tim.o
                0x08000400                MX_TIM3_Init
 .text.MX_USART2_UART_Init
                0x0800049c       0x3c build/usart.o
                0x0800049c                MX_USART2_UART_Init
 .text.HAL_UART_MspInit
                0x080004d8       0x74 build/usart.o
                0x080004d8                HAL_UART_MspInit
 .text.HAL_InitTick
                0x0800054c       0x50 build/stm32f0xx_hal.o
                0x0800054c                HAL_InitTick
 .text.HAL_Init
                0x0800059c       0x20 build/stm32f0xx_hal.o
                0x0800059c                HAL_Init
 .text.HAL_IncTick
                0x080005bc       0x18 build/stm32f0xx_hal.o
                0x080005bc                HAL_IncTick
 .text.HAL_GetTick
                0x080005d4        0xc build/stm32f0xx_hal.o
                0x080005d4                HAL_GetTick
 .text.__NVIC_SetPriority
                0x080005e0       0x60 build/stm32f0xx_hal_cortex.o
 .text.SysTick_Config
                0x08000640       0x38 build/stm32f0xx_hal_cortex.o
 .text.HAL_NVIC_SetPriority
                0x08000678        0x8 build/stm32f0xx_hal_cortex.o
                0x08000678                HAL_NVIC_SetPriority
 .text.HAL_NVIC_EnableIRQ
                0x08000680       0x18 build/stm32f0xx_hal_cortex.o
                0x08000680                HAL_NVIC_EnableIRQ
 .text.HAL_SYSTICK_Config
                0x08000698        0x8 build/stm32f0xx_hal_cortex.o
                0x08000698                HAL_SYSTICK_Config
 .text.HAL_DMA_Abort
                0x080006a0       0x44 build/stm32f0xx_hal_dma.o
                0x080006a0                HAL_DMA_Abort
 .text.HAL_DMA_Abort_IT
                0x080006e4       0x4a build/stm32f0xx_hal_dma.o
                0x080006e4                HAL_DMA_Abort_IT
 *fill*         0x0800072e        0x2 
 .text.HAL_GPIO_Init
                0x08000730      0x17c build/stm32f0xx_hal_gpio.o
                0x08000730                HAL_GPIO_Init
 .text.HAL_GPIO_WritePin
                0x080008ac        0xc build/stm32f0xx_hal_gpio.o
                0x080008ac                HAL_GPIO_WritePin
 .text.HAL_PCD_EP_DB_Receive
                0x080008b8      0x110 build/stm32f0xx_hal_pcd.o
 .text.HAL_PCD_Init
                0x080009c8       0xe0 build/stm32f0xx_hal_pcd.o
                0x080009c8                HAL_PCD_Init
 .text.HAL_PCD_Start
                0x08000aa8       0x2e build/stm32f0xx_hal_pcd.o
                0x08000aa8                HAL_PCD_Start
 *fill*         0x08000ad6        0x2 
 .text.HAL_PCD_EP_DB_Transmit
                0x08000ad8      0x3d8 build/stm32f0xx_hal_pcd.o
 .text.PCD_EP_ISR_Handler
                0x08000eb0      0x54c build/stm32f0xx_hal_pcd.o
 .text.HAL_PCD_SetAddress
                0x080013fc       0x2c build/stm32f0xx_hal_pcd.o
                0x080013fc                HAL_PCD_SetAddress
 .text.HAL_PCD_IRQHandler
                0x08001428      0x180 build/stm32f0xx_hal_pcd.o
                0x08001428                HAL_PCD_IRQHandler
 .text.HAL_PCD_EP_Open
                0x080015a8       0x76 build/stm32f0xx_hal_pcd.o
                0x080015a8                HAL_PCD_EP_Open
 .text.HAL_PCD_EP_Close
                0x0800161e       0x68 build/stm32f0xx_hal_pcd.o
                0x0800161e                HAL_PCD_EP_Close
 .text.HAL_PCD_EP_Receive
                0x08001686       0x4a build/stm32f0xx_hal_pcd.o
                0x08001686                HAL_PCD_EP_Receive
 .text.HAL_PCD_EP_GetRxCount
                0x080016d0       0x14 build/stm32f0xx_hal_pcd.o
                0x080016d0                HAL_PCD_EP_GetRxCount
 .text.HAL_PCD_EP_Transmit
                0x080016e4       0x4e build/stm32f0xx_hal_pcd.o
                0x080016e4                HAL_PCD_EP_Transmit
 .text.HAL_PCD_EP_SetStall
                0x08001732       0x6e build/stm32f0xx_hal_pcd.o
                0x08001732                HAL_PCD_EP_SetStall
 .text.HAL_PCD_EP_ClrStall
                0x080017a0       0x7a build/stm32f0xx_hal_pcd.o
                0x080017a0                HAL_PCD_EP_ClrStall
 .text.HAL_PCDEx_PMAConfig
                0x0800181a       0x3a build/stm32f0xx_hal_pcd_ex.o
                0x0800181a                HAL_PCDEx_PMAConfig
 .text.HAL_PCDEx_ActivateLPM
                0x08001854       0x2a build/stm32f0xx_hal_pcd_ex.o
                0x08001854                HAL_PCDEx_ActivateLPM
 .text.HAL_PCDEx_LPM_Callback
                0x0800187e        0x2 build/stm32f0xx_hal_pcd_ex.o
                0x0800187e                HAL_PCDEx_LPM_Callback
 .text.HAL_RCC_OscConfig
                0x08001880      0x544 build/stm32f0xx_hal_rcc.o
                0x08001880                HAL_RCC_OscConfig
 .text.HAL_RCC_GetSysClockFreq
                0x08001dc4       0x78 build/stm32f0xx_hal_rcc.o
                0x08001dc4                HAL_RCC_GetSysClockFreq
 .text.HAL_RCC_ClockConfig
                0x08001e3c      0x144 build/stm32f0xx_hal_rcc.o
                0x08001e3c                HAL_RCC_ClockConfig
 .text.HAL_RCC_GetHCLKFreq
                0x08001f80        0xc build/stm32f0xx_hal_rcc.o
                0x08001f80                HAL_RCC_GetHCLKFreq
 .text.HAL_RCC_GetPCLK1Freq
                0x08001f8c       0x20 build/stm32f0xx_hal_rcc.o
                0x08001f8c                HAL_RCC_GetPCLK1Freq
 .text.HAL_RCCEx_PeriphCLKConfig
                0x08001fac      0x148 build/stm32f0xx_hal_rcc_ex.o
                0x08001fac                HAL_RCCEx_PeriphCLKConfig
 .text.TIM_OC1_SetConfig
                0x080020f4       0x7c build/stm32f0xx_hal_tim.o
 .text.TIM_OC3_SetConfig
                0x08002170       0x80 build/stm32f0xx_hal_tim.o
 .text.TIM_OC4_SetConfig
                0x080021f0       0x68 build/stm32f0xx_hal_tim.o
 .text.TIM_Base_SetConfig
                0x08002258       0x94 build/stm32f0xx_hal_tim.o
                0x08002258                TIM_Base_SetConfig
 .text.HAL_TIM_PWM_Init
                0x080022ec       0x58 build/stm32f0xx_hal_tim.o
                0x080022ec                HAL_TIM_PWM_Init
 .text.TIM_OC2_SetConfig
                0x08002344       0x78 build/stm32f0xx_hal_tim.o
                0x08002344                TIM_OC2_SetConfig
 .text.HAL_TIM_PWM_ConfigChannel
                0x080023bc       0xf0 build/stm32f0xx_hal_tim.o
                0x080023bc                HAL_TIM_PWM_ConfigChannel
 .text.HAL_TIMEx_MasterConfigSynchronization
                0x080024ac       0x64 build/stm32f0xx_hal_tim_ex.o
                0x080024ac                HAL_TIMEx_MasterConfigSynchronization
 .text.UART_EndRxTransfer
                0x08002510       0x60 build/stm32f0xx_hal_uart.o
 .text.HAL_UART_TxCpltCallback
                0x08002570        0x2 build/stm32f0xx_hal_uart.o
                0x08002570                HAL_UART_TxCpltCallback
 .text.UART_EndTransmit_IT
                0x08002572       0x28 build/stm32f0xx_hal_uart.o
 .text.HAL_UART_ErrorCallback
                0x0800259a        0x2 build/stm32f0xx_hal_uart.o
                0x0800259a                HAL_UART_ErrorCallback
 .text.UART_DMAAbortOnError
                0x0800259c       0x14 build/stm32f0xx_hal_uart.o
 .text.HAL_UARTEx_RxEventCallback
                0x080025b0        0x2 build/stm32f0xx_hal_uart.o
                0x080025b0                HAL_UARTEx_RxEventCallback
 *fill*         0x080025b2        0x2 
 .text.HAL_UART_IRQHandler
                0x080025b4      0x2d0 build/stm32f0xx_hal_uart.o
                0x080025b4                HAL_UART_IRQHandler
 .text.UART_SetConfig
                0x08002884      0x16c build/stm32f0xx_hal_uart.o
                0x08002884                UART_SetConfig
 .text.UART_AdvFeatureConfig
                0x080029f0       0xe0 build/stm32f0xx_hal_uart.o
                0x080029f0                UART_AdvFeatureConfig
 .text.UART_WaitOnFlagUntilTimeout
                0x08002ad0       0x96 build/stm32f0xx_hal_uart.o
                0x08002ad0                UART_WaitOnFlagUntilTimeout
 *fill*         0x08002b66        0x2 
 .text.UART_CheckIdleState
                0x08002b68       0xd0 build/stm32f0xx_hal_uart.o
                0x08002b68                UART_CheckIdleState
 .text.HAL_UART_Init
                0x08002c38       0x6c build/stm32f0xx_hal_uart.o
                0x08002c38                HAL_UART_Init
 .text.HAL_UARTEx_WakeupCallback
                0x08002ca4        0x2 build/stm32f0xx_hal_uart_ex.o
                0x08002ca4                HAL_UARTEx_WakeupCallback
 *fill*         0x08002ca6        0x2 
 .text.USB_EnableGlobalInt
                0x08002ca8       0x14 build/stm32f0xx_ll_usb.o
                0x08002ca8                USB_EnableGlobalInt
 .text.USB_DisableGlobalInt
                0x08002cbc       0x14 build/stm32f0xx_ll_usb.o
                0x08002cbc                USB_DisableGlobalInt
 .text.USB_DevInit
                0x08002cd0       0x20 build/stm32f0xx_ll_usb.o
                0x08002cd0                USB_DevInit
 .text.USB_ActivateEndpoint
                0x08002cf0      0x324 build/stm32f0xx_ll_usb.o
                0x08002cf0                USB_ActivateEndpoint
 .text.USB_DeactivateEndpoint
                0x08003014      0x170 build/stm32f0xx_ll_usb.o
                0x08003014                USB_DeactivateEndpoint
 .text.USB_EPSetStall
                0x08003184       0x4c build/stm32f0xx_ll_usb.o
                0x08003184                USB_EPSetStall
 .text.USB_EPClearStall
                0x080031d0       0x9c build/stm32f0xx_ll_usb.o
                0x080031d0                USB_EPClearStall
 .text.USB_SetDevAddress
                0x0800326c        0xe build/stm32f0xx_ll_usb.o
                0x0800326c                USB_SetDevAddress
 *fill*         0x0800327a        0x2 
 .text.USB_DevConnect
                0x0800327c       0x14 build/stm32f0xx_ll_usb.o
                0x0800327c                USB_DevConnect
 .text.USB_ReadInterrupts
                0x08003290        0x8 build/stm32f0xx_ll_usb.o
                0x08003290                USB_ReadInterrupts
 .text.USB_WritePMA
                0x08003298       0x28 build/stm32f0xx_ll_usb.o
                0x08003298                USB_WritePMA
 .text.USB_EPStartXfer
                0x080032c0      0x72c build/stm32f0xx_ll_usb.o
                0x080032c0                USB_EPStartXfer
 .text.USB_ReadPMA
                0x080039ec       0x2c build/stm32f0xx_ll_usb.o
                0x080039ec                USB_ReadPMA
 .text.USBD_CDC_EP0_RxReady
                0x08003a18       0x34 build/usbd_cdc.o
 .text.USBD_CDC_GetFSCfgDesc
                0x08003a4c        0xc build/usbd_cdc.o
 .text.USBD_CDC_GetHSCfgDesc
                0x08003a58        0xc build/usbd_cdc.o
 .text.USBD_CDC_GetOtherSpeedCfgDesc
                0x08003a64        0xc build/usbd_cdc.o
 .text.USBD_CDC_GetDeviceQualifierDescriptor
                0x08003a70        0xc build/usbd_cdc.o
                0x08003a70                USBD_CDC_GetDeviceQualifierDescriptor
 .text.USBD_CDC_DataOut
                0x08003a7c       0x36 build/usbd_cdc.o
 .text.USBD_CDC_DataIn
                0x08003ab2       0x5c build/usbd_cdc.o
 *fill*         0x08003b0e        0x2 
 .text.USBD_CDC_Setup
                0x08003b10       0xf0 build/usbd_cdc.o
 .text.USBD_CDC_DeInit
                0x08003c00       0x4c build/usbd_cdc.o
 .text.USBD_CDC_Init
                0x08003c4c       0xbc build/usbd_cdc.o
 .text.USBD_CDC_RegisterInterface
                0x08003d08       0x12 build/usbd_cdc.o
                0x08003d08                USBD_CDC_RegisterInterface
 .text.USBD_CDC_SetTxBuffer
                0x08003d1a       0x16 build/usbd_cdc.o
                0x08003d1a                USBD_CDC_SetTxBuffer
 .text.USBD_CDC_SetRxBuffer
                0x08003d30        0xe build/usbd_cdc.o
                0x08003d30                USBD_CDC_SetRxBuffer
 .text.USBD_CDC_ReceivePacket
                0x08003d3e       0x3c build/usbd_cdc.o
                0x08003d3e                USBD_CDC_ReceivePacket
 .text.USBD_Init
                0x08003d7a       0x38 build/usbd_core.o
                0x08003d7a                USBD_Init
 .text.USBD_RegisterClass
                0x08003db2       0x12 build/usbd_core.o
                0x08003db2                USBD_RegisterClass
 .text.USBD_Start
                0x08003dc4        0xa build/usbd_core.o
                0x08003dc4                USBD_Start
 .text.USBD_SetClassConfig
                0x08003dce       0x1e build/usbd_core.o
                0x08003dce                USBD_SetClassConfig
 .text.USBD_ClrClassConfig
                0x08003dec       0x10 build/usbd_core.o
                0x08003dec                USBD_ClrClassConfig
 .text.USBD_LL_SetupStage
                0x08003dfc       0x64 build/usbd_core.o
                0x08003dfc                USBD_LL_SetupStage
 .text.USBD_LL_DataOutStage
                0x08003e60       0xa4 build/usbd_core.o
                0x08003e60                USBD_LL_DataOutStage
 .text.USBD_LL_DataInStage
                0x08003f04       0xea build/usbd_core.o
                0x08003f04                USBD_LL_DataInStage
 .text.USBD_LL_Reset
                0x08003fee       0x5e build/usbd_core.o
                0x08003fee                USBD_LL_Reset
 .text.USBD_LL_SetSpeed
                0x0800404c        0x6 build/usbd_core.o
                0x0800404c                USBD_LL_SetSpeed
 *fill*         0x08004052        0x2 
 .text.USBD_LL_Suspend
                0x08004054       0x18 build/usbd_core.o
                0x08004054                USBD_LL_Suspend
 .text.USBD_LL_Resume
                0x0800406c       0x1c build/usbd_core.o
                0x0800406c                USBD_LL_Resume
 .text.USBD_LL_SOF
                0x08004088       0x20 build/usbd_core.o
                0x08004088                USBD_LL_SOF
 .text.USBD_GetLen
                0x080040a8       0x14 build/usbd_ctlreq.o
 .text.USBD_SetFeature
                0x080040bc       0x18 build/usbd_ctlreq.o
 .text.USBD_ParseSetupRequest
                0x080040d4       0x28 build/usbd_ctlreq.o
                0x080040d4                USBD_ParseSetupRequest
 .text.USBD_CtlError
                0x080040fc       0x14 build/usbd_ctlreq.o
                0x080040fc                USBD_CtlError
 .text.USBD_GetDescriptor
                0x08004110      0x1b8 build/usbd_ctlreq.o
 .text.USBD_SetAddress
                0x080042c8       0x60 build/usbd_ctlreq.o
 .text.USBD_SetConfig
                0x08004328       0xb8 build/usbd_ctlreq.o
 .text.USBD_GetConfig
                0x080043e0       0x40 build/usbd_ctlreq.o
 .text.USBD_GetStatus
                0x08004420       0x3e build/usbd_ctlreq.o
 .text.USBD_ClrFeature
                0x0800445e       0x2a build/usbd_ctlreq.o
 .text.USBD_StdDevReq
                0x08004488       0x6c build/usbd_ctlreq.o
                0x08004488                USBD_StdDevReq
 .text.USBD_StdItfReq
                0x080044f4       0x66 build/usbd_ctlreq.o
                0x080044f4                USBD_StdItfReq
 .text.USBD_StdEPReq
                0x0800455a      0x210 build/usbd_ctlreq.o
                0x0800455a                USBD_StdEPReq
 .text.USBD_GetString
                0x0800476a       0x3c build/usbd_ctlreq.o
                0x0800476a                USBD_GetString
 .text.USBD_CtlSendData
                0x080047a6       0x1c build/usbd_ioreq.o
                0x080047a6                USBD_CtlSendData
 .text.USBD_CtlContinueSendData
                0x080047c2       0x10 build/usbd_ioreq.o
                0x080047c2                USBD_CtlContinueSendData
 .text.USBD_CtlPrepareRx
                0x080047d2       0x22 build/usbd_ioreq.o
                0x080047d2                USBD_CtlPrepareRx
 .text.USBD_CtlContinueRx
                0x080047f4       0x10 build/usbd_ioreq.o
                0x080047f4                USBD_CtlContinueRx
 .text.USBD_CtlSendStatus
                0x08004804       0x18 build/usbd_ioreq.o
                0x08004804                USBD_CtlSendStatus
 .text.USBD_CtlReceiveStatus
                0x0800481c       0x18 build/usbd_ioreq.o
                0x0800481c                USBD_CtlReceiveStatus
 .text.MX_USB_DEVICE_Init
                0x08004834       0x5c build/usb_device.o
                0x08004834                MX_USB_DEVICE_Init
 .text.CDC_DeInit_FS
                0x08004890        0x4 build/usbd_cdc_if.o
 .text.CDC_Control_FS
                0x08004894        0x4 build/usbd_cdc_if.o
 .text.CDC_Receive_FS
                0x08004898       0x1c build/usbd_cdc_if.o
 .text.CDC_Init_FS
                0x080048b4       0x28 build/usbd_cdc_if.o
 .text.USBD_FS_DeviceDescriptor
                0x080048dc        0xc build/usbd_desc.o
                0x080048dc                USBD_FS_DeviceDescriptor
 .text.USBD_FS_LangIDStrDescriptor
                0x080048e8        0xc build/usbd_desc.o
                0x080048e8                USBD_FS_LangIDStrDescriptor
 .text.IntToUnicode
                0x080048f4       0x30 build/usbd_desc.o
 .text.Get_SerialNum
                0x08004924       0x40 build/usbd_desc.o
 .text.USBD_FS_SerialStrDescriptor
                0x08004964       0x14 build/usbd_desc.o
                0x08004964                USBD_FS_SerialStrDescriptor
 .text.USBD_FS_ProductStrDescriptor
                0x08004978       0x28 build/usbd_desc.o
                0x08004978                USBD_FS_ProductStrDescriptor
 .text.USBD_FS_ManufacturerStrDescriptor
                0x080049a0       0x1c build/usbd_desc.o
                0x080049a0                USBD_FS_ManufacturerStrDescriptor
 .text.USBD_FS_ConfigStrDescriptor
                0x080049bc       0x28 build/usbd_desc.o
                0x080049bc                USBD_FS_ConfigStrDescriptor
 .text.USBD_FS_InterfaceStrDescriptor
                0x080049e4       0x28 build/usbd_desc.o
                0x080049e4                USBD_FS_InterfaceStrDescriptor
 .text.USBD_Get_USB_Status
                0x08004a0c       0x16 build/usbd_conf.o
 .text.SystemClockConfig_Resume
                0x08004a22        0x8 build/usbd_conf.o
 *fill*         0x08004a2a        0x2 
 .text.HAL_PCD_MspInit
                0x08004a2c       0x40 build/usbd_conf.o
                0x08004a2c                HAL_PCD_MspInit
 .text.HAL_PCD_SetupStageCallback
                0x08004a6c       0x16 build/usbd_conf.o
                0x08004a6c                HAL_PCD_SetupStageCallback
 .text.HAL_PCD_DataOutStageCallback
                0x08004a82       0x1e build/usbd_conf.o
                0x08004a82                HAL_PCD_DataOutStageCallback
 .text.HAL_PCD_DataInStageCallback
                0x08004aa0       0x1a build/usbd_conf.o
                0x08004aa0                HAL_PCD_DataInStageCallback
 .text.HAL_PCD_SOFCallback
                0x08004aba        0xe build/usbd_conf.o
                0x08004aba                HAL_PCD_SOFCallback
 .text.HAL_PCD_ResetCallback
                0x08004ac8       0x24 build/usbd_conf.o
                0x08004ac8                HAL_PCD_ResetCallback
 .text.HAL_PCD_SuspendCallback
                0x08004aec       0x24 build/usbd_conf.o
                0x08004aec                HAL_PCD_SuspendCallback
 .text.HAL_PCD_ResumeCallback
                0x08004b10       0x2c build/usbd_conf.o
                0x08004b10                HAL_PCD_ResumeCallback
 .text.USBD_LL_Init
                0x08004b3c       0x84 build/usbd_conf.o
                0x08004b3c                USBD_LL_Init
 .text.USBD_LL_Start
                0x08004bc0       0x12 build/usbd_conf.o
                0x08004bc0                USBD_LL_Start
 .text.USBD_LL_OpenEP
                0x08004bd2       0x18 build/usbd_conf.o
                0x08004bd2                USBD_LL_OpenEP
 .text.USBD_LL_CloseEP
                0x08004bea       0x12 build/usbd_conf.o
                0x08004bea                USBD_LL_CloseEP
 .text.USBD_LL_StallEP
                0x08004bfc       0x12 build/usbd_conf.o
                0x08004bfc                USBD_LL_StallEP
 .text.USBD_LL_ClearStallEP
                0x08004c0e       0x12 build/usbd_conf.o
                0x08004c0e                USBD_LL_ClearStallEP
 .text.USBD_LL_IsStallEP
                0x08004c20       0x32 build/usbd_conf.o
                0x08004c20                USBD_LL_IsStallEP
 .text.USBD_LL_SetUSBAddress
                0x08004c52       0x12 build/usbd_conf.o
                0x08004c52                USBD_LL_SetUSBAddress
 .text.USBD_LL_Transmit
                0x08004c64       0x12 build/usbd_conf.o
                0x08004c64                USBD_LL_Transmit
 .text.USBD_LL_PrepareReceive
                0x08004c76       0x12 build/usbd_conf.o
                0x08004c76                USBD_LL_PrepareReceive
 .text.USBD_LL_GetRxDataSize
                0x08004c88        0xe build/usbd_conf.o
                0x08004c88                USBD_LL_GetRxDataSize
 *fill*         0x08004c96        0x2 
 .text.USBD_static_malloc
                0x08004c98        0x8 build/usbd_conf.o
                0x08004c98                USBD_static_malloc
 .text.USBD_static_free
                0x08004ca0        0x2 build/usbd_conf.o
                0x08004ca0                USBD_static_free
 *fill*         0x08004ca2        0x2 
 .text.Reset_Handler
                0x08004ca4       0x80 build/startup_stm32f042x6.o
                0x08004ca4                Reset_Handler
 .text.Default_Handler
                0x08004d24        0x2 build/startup_stm32f042x6.o
                0x08004d24                TIM1_CC_IRQHandler
                0x08004d24                TSC_IRQHandler
                0x08004d24                I2C1_IRQHandler
                0x08004d24                RCC_CRS_IRQHandler
                0x08004d24                SPI1_IRQHandler
                0x08004d24                EXTI2_3_IRQHandler
                0x08004d24                ADC1_IRQHandler
                0x08004d24                TIM17_IRQHandler
                0x08004d24                CEC_CAN_IRQHandler
                0x08004d24                RTC_IRQHandler
                0x08004d24                PVD_VDDIO2_IRQHandler
                0x08004d24                TIM16_IRQHandler
                0x08004d24                TIM3_IRQHandler
                0x08004d24                EXTI4_15_IRQHandler
                0x08004d24                DMA1_Channel1_IRQHandler
                0x08004d24                Default_Handler
                0x08004d24                TIM14_IRQHandler
                0x08004d24                DMA1_Channel4_5_IRQHandler
                0x08004d24                EXTI0_1_IRQHandler
                0x08004d24                SPI2_IRQHandler
                0x08004d24                WWDG_IRQHandler
                0x08004d24                TIM2_IRQHandler
                0x08004d24                DMA1_Channel2_3_IRQHandler
                0x08004d24                FLASH_IRQHandler
                0x08004d24                USART1_IRQHandler
                0x08004d24                TIM1_BRK_UP_TRG_COM_IRQHandler
 .text.memset   0x08004d26       0x10 c:/users/daniel/appdata/roaming/code/user/globalstorage/bmd.stm32-for-vscode/@xpack-dev-tools/arm-none-eabi-gcc/12.3.1-1.2.1/.content/bin/../lib/gcc/arm-none-eabi/12.3.1/../../../../arm-none-eabi/lib/thumb/v6-m/nofp\libc_nano.a(libc_a-memset.o)
                0x08004d26                memset
 *fill*         0x08004d36        0x2 
 .text.__libc_init_array
                0x08004d38       0x48 c:/users/daniel/appdata/roaming/code/user/globalstorage/bmd.stm32-for-vscode/@xpack-dev-tools/arm-none-eabi-gcc/12.3.1-1.2.1/.content/bin/../lib/gcc/arm-none-eabi/12.3.1/../../../../arm-none-eabi/lib/thumb/v6-m/nofp\libc_nano.a(libc_a-init.o)
                0x08004d38                __libc_init_array
 *(.glue_7)
 .glue_7        0x08004d80        0x0 linker stubs
 *(.glue_7t)
 .glue_7t       0x08004d80        0x0 linker stubs
 *(.eh_frame)
 .eh_frame      0x08004d80        0x0 c:/users/daniel/appdata/roaming/code/user/globalstorage/bmd.stm32-for-vscode/@xpack-dev-tools/arm-none-eabi-gcc/12.3.1-1.2.1/.content/bin/../lib/gcc/arm-none-eabi/12.3.1/thumb/v6-m/nofp/crtbegin.o
 *(.init)
 .init          0x08004d80        0x4 c:/users/daniel/appdata/roaming/code/user/globalstorage/bmd.stm32-for-vscode/@xpack-dev-tools/arm-none-eabi-gcc/12.3.1-1.2.1/.content/bin/../lib/gcc/arm-none-eabi/12.3.1/thumb/v6-m/nofp/crti.o
                0x08004d80                _init
 .init          0x08004d84        0x8 c:/users/daniel/appdata/roaming/code/user/globalstorage/bmd.stm32-for-vscode/@xpack-dev-tools/arm-none-eabi-gcc/12.3.1-1.2.1/.content/bin/../lib/gcc/arm-none-eabi/12.3.1/thumb/v6-m/nofp/crtn.o
 *(.fini)
 .fini          0x08004d8c        0x4 c:/users/daniel/appdata/roaming/code/user/globalstorage/bmd.stm32-for-vscode/@xpack-dev-tools/arm-none-eabi-gcc/12.3.1-1.2.1/.content/bin/../lib/gcc/arm-none-eabi/12.3.1/thumb/v6-m/nofp/crti.o
                0x08004d8c                _fini
 .fini          0x08004d90        0x8 c:/users/daniel/appdata/roaming/code/user/globalstorage/bmd.stm32-for-vscode/@xpack-dev-tools/arm-none-eabi-gcc/12.3.1-1.2.1/.content/bin/../lib/gcc/arm-none-eabi/12.3.1/thumb/v6-m/nofp/crtn.o
                0x08004d98                        . = ALIGN (0x4)
                0x08004d98                        _etext = .

.vfp11_veneer   0x08004d98        0x0
 .vfp11_veneer  0x08004d98        0x0 linker stubs

.v4_bx          0x08004d98        0x0
 .v4_bx         0x08004d98        0x0 linker stubs

.iplt           0x08004d98        0x0
 .iplt          0x08004d98        0x0 c:/users/daniel/appdata/roaming/code/user/globalstorage/bmd.stm32-for-vscode/@xpack-dev-tools/arm-none-eabi-gcc/12.3.1-1.2.1/.content/bin/../lib/gcc/arm-none-eabi/12.3.1/thumb/v6-m/nofp/crtbegin.o

.rodata         0x08004d98       0xd0
                0x08004d98                        . = ALIGN (0x4)
 *(.rodata)
 *(.rodata*)
 .rodata.APBPrescTable
                0x08004d98        0x8 build/system_stm32f0xx.o
                0x08004d98                APBPrescTable
 .rodata.AHBPrescTable
                0x08004da0       0x10 build/system_stm32f0xx.o
                0x08004da0                AHBPrescTable
 .rodata.aPredivFactorTable.0
                0x08004db0       0x10 build/stm32f0xx_hal_rcc.o
 .rodata.aPLLMULFactorTable.1
                0x08004dc0       0x10 build/stm32f0xx_hal_rcc.o
 .rodata.USBD_GetDescriptor
                0x08004dd0       0x38 build/usbd_ctlreq.o
 .rodata.USBD_StdDevReq
                0x08004e08       0x28 build/usbd_ctlreq.o
 .rodata.USBD_FS_ProductStrDescriptor.str1.4
                0x08004e30       0x10 build/usbd_desc.o
 .rodata.USBD_FS_ManufacturerStrDescriptor.str1.4
                0x08004e40        0xa build/usbd_desc.o
 *fill*         0x08004e4a        0x2 
 .rodata.USBD_FS_ConfigStrDescriptor.str1.4
                0x08004e4c        0xb build/usbd_desc.o
 *fill*         0x08004e57        0x1 
 .rodata.USBD_FS_InterfaceStrDescriptor.str1.4
                0x08004e58        0xe build/usbd_desc.o
                0x08004e68                        . = ALIGN (0x4)
 *fill*         0x08004e66        0x2 

.rel.dyn        0x08004e68        0x0
 .rel.iplt      0x08004e68        0x0 c:/users/daniel/appdata/roaming/code/user/globalstorage/bmd.stm32-for-vscode/@xpack-dev-tools/arm-none-eabi-gcc/12.3.1-1.2.1/.content/bin/../lib/gcc/arm-none-eabi/12.3.1/thumb/v6-m/nofp/crtbegin.o

.ARM.extab
 *(.ARM.extab* .gnu.linkonce.armextab.*)

.ARM            0x08004e68        0x0
                0x08004e68                        __exidx_start = .
 *(.ARM.exidx*)
                0x08004e68                        __exidx_end = .

.preinit_array  0x08004e68        0x0
                0x08004e68                        PROVIDE (__preinit_array_start = .)
 *(.preinit_array*)
                0x08004e68                        PROVIDE (__preinit_array_end = .)

.init_array     0x08004e68        0x4
                0x08004e68                        PROVIDE (__init_array_start = .)
 *(SORT_BY_NAME(.init_array.*))
 *(.init_array*)
 .init_array    0x08004e68        0x4 c:/users/daniel/appdata/roaming/code/user/globalstorage/bmd.stm32-for-vscode/@xpack-dev-tools/arm-none-eabi-gcc/12.3.1-1.2.1/.content/bin/../lib/gcc/arm-none-eabi/12.3.1/thumb/v6-m/nofp/crtbegin.o
                0x08004e6c                        PROVIDE (__init_array_end = .)

.fini_array     0x08004e6c        0x4
                0x08004e6c                        PROVIDE (__fini_array_start = .)
 *(SORT_BY_NAME(.fini_array.*))
 *(.fini_array*)
 .fini_array    0x08004e6c        0x4 c:/users/daniel/appdata/roaming/code/user/globalstorage/bmd.stm32-for-vscode/@xpack-dev-tools/arm-none-eabi-gcc/12.3.1-1.2.1/.content/bin/../lib/gcc/arm-none-eabi/12.3.1/thumb/v6-m/nofp/crtbegin.o
                0x08004e70                        PROVIDE (__fini_array_end = .)
                0x08004e70                        _sidata = LOADADDR (.data)

.data           0x20000000      0x17c load address 0x08004e70
                0x20000000                        . = ALIGN (0x4)
                0x20000000                        _sdata = .
 *(.data)
 *(.data*)
 .data.SystemCoreClock
                0x20000000        0x4 build/system_stm32f0xx.o
                0x20000000                SystemCoreClock
 .data.uwTickFreq
                0x20000004        0x1 build/stm32f0xx_hal.o
                0x20000004                uwTickFreq
 *fill*         0x20000005        0x3 
 .data.uwTickPrio
                0x20000008        0x4 build/stm32f0xx_hal.o
                0x20000008                uwTickPrio
 .data.USBD_CDC_OtherSpeedCfgDesc
                0x2000000c       0x43 build/usbd_cdc.o
                0x2000000c                USBD_CDC_OtherSpeedCfgDesc
 *fill*         0x2000004f        0x1 
 .data.USBD_CDC_CfgFSDesc
                0x20000050       0x43 build/usbd_cdc.o
                0x20000050                USBD_CDC_CfgFSDesc
 *fill*         0x20000093        0x1 
 .data.USBD_CDC_CfgHSDesc
                0x20000094       0x43 build/usbd_cdc.o
                0x20000094                USBD_CDC_CfgHSDesc
 *fill*         0x200000d7        0x1 
 .data.USBD_CDC
                0x200000d8       0x38 build/usbd_cdc.o
                0x200000d8                USBD_CDC
 .data.USBD_CDC_DeviceQualifierDesc
                0x20000110        0xa build/usbd_cdc.o
 *fill*         0x2000011a        0x2 
 .data.USBD_Interface_fops_FS
                0x2000011c       0x10 build/usbd_cdc_if.o
                0x2000011c                USBD_Interface_fops_FS
 .data.USBD_StringSerial
                0x2000012c       0x1a build/usbd_desc.o
                0x2000012c                USBD_StringSerial
 *fill*         0x20000146        0x2 
 .data.USBD_LangIDDesc
                0x20000148        0x4 build/usbd_desc.o
                0x20000148                USBD_LangIDDesc
 .data.USBD_FS_DeviceDesc
                0x2000014c       0x12 build/usbd_desc.o
                0x2000014c                USBD_FS_DeviceDesc
 *fill*         0x2000015e        0x2 
 .data.FS_Desc  0x20000160       0x1c build/usbd_desc.o
                0x20000160                FS_Desc
                0x2000017c                        . = ALIGN (0x4)
                0x2000017c                        _edata = .

.igot.plt       0x2000017c        0x0 load address 0x08004fec
 .igot.plt      0x2000017c        0x0 c:/users/daniel/appdata/roaming/code/user/globalstorage/bmd.stm32-for-vscode/@xpack-dev-tools/arm-none-eabi-gcc/12.3.1-1.2.1/.content/bin/../lib/gcc/arm-none-eabi/12.3.1/thumb/v6-m/nofp/crtbegin.o
                0x2000017c                        . = ALIGN (0x4)

.bss            0x2000017c      0x9ec load address 0x08004fec
                0x2000017c                        _sbss = .
                0x2000017c                        __bss_start__ = _sbss
 *(.bss)
 *(.bss*)
 .bss.completed.1
                0x2000017c        0x1 c:/users/daniel/appdata/roaming/code/user/globalstorage/bmd.stm32-for-vscode/@xpack-dev-tools/arm-none-eabi-gcc/12.3.1-1.2.1/.content/bin/../lib/gcc/arm-none-eabi/12.3.1/thumb/v6-m/nofp/crtbegin.o
 *fill*         0x2000017d        0x3 
 .bss.object.0  0x20000180       0x18 c:/users/daniel/appdata/roaming/code/user/globalstorage/bmd.stm32-for-vscode/@xpack-dev-tools/arm-none-eabi-gcc/12.3.1-1.2.1/.content/bin/../lib/gcc/arm-none-eabi/12.3.1/thumb/v6-m/nofp/crtbegin.o
 .bss.htim3     0x20000198       0x48 build/tim.o
                0x20000198                htim3
 .bss.huart2    0x200001e0       0x88 build/usart.o
                0x200001e0                huart2
 .bss.uwTick    0x20000268        0x4 build/stm32f0xx_hal.o
                0x20000268                uwTick
 .bss.cfgidx.0  0x2000026c        0x1 build/usbd_ctlreq.o
 *fill*         0x2000026d        0x3 
 .bss.hUsbDeviceFS
                0x20000270      0x2c4 build/usb_device.o
                0x20000270                hUsbDeviceFS
 .bss.UserTxBufferFS
                0x20000534       0x80 build/usbd_cdc_if.o
                0x20000534                UserTxBufferFS
 .bss.UserRxBufferFS
                0x200005b4       0x80 build/usbd_cdc_if.o
                0x200005b4                UserRxBufferFS
 .bss.USBD_StrDesc
                0x20000634       0x20 build/usbd_desc.o
                0x20000634                USBD_StrDesc
 .bss.mem.0     0x20000654      0x220 build/usbd_conf.o
 .bss.hpcd_USB_FS
                0x20000874      0x2f4 build/usbd_conf.o
                0x20000874                hpcd_USB_FS
 *(COMMON)
                0x20000b68                        . = ALIGN (0x4)
                0x20000b68                        _ebss = .
                0x20000b68                        __bss_end__ = _ebss

._user_heap_stack
                0x20000b68      0x600 load address 0x08004fec
                0x20000b68                        . = ALIGN (0x8)
                0x20000b68                        PROVIDE (end = .)
                [!provide]                        PROVIDE (_end = .)
                0x20000d68                        . = (. + _Min_Heap_Size)
 *fill*         0x20000b68      0x200 
                0x20001168                        . = (. + _Min_Stack_Size)
 *fill*         0x20000d68      0x400 
                0x20001168                        . = ALIGN (0x8)

/DISCARD/
 libc.a(*)
 libm.a(*)
 libgcc.a(*)

.ARM.attributes
                0x00000000       0x28
 *(.ARM.attributes)
 .ARM.attributes
                0x00000000       0x1e c:/users/daniel/appdata/roaming/code/user/globalstorage/bmd.stm32-for-vscode/@xpack-dev-tools/arm-none-eabi-gcc/12.3.1-1.2.1/.content/bin/../lib/gcc/arm-none-eabi/12.3.1/thumb/v6-m/nofp/crti.o
 .ARM.attributes
                0x0000001e       0x2c c:/users/daniel/appdata/roaming/code/user/globalstorage/bmd.stm32-for-vscode/@xpack-dev-tools/arm-none-eabi-gcc/12.3.1-1.2.1/.content/bin/../lib/gcc/arm-none-eabi/12.3.1/thumb/v6-m/nofp/crtbegin.o
 .ARM.attributes
                0x0000004a       0x2c build/gpio.o
 .ARM.attributes
                0x00000076       0x2c build/main.o
 .ARM.attributes
                0x000000a2       0x2c build/stm32f0xx_hal_msp.o
 .ARM.attributes
                0x000000ce       0x2c build/stm32f0xx_it.o
 .ARM.attributes
                0x000000fa       0x2c build/system_stm32f0xx.o
 .ARM.attributes
                0x00000126       0x2c build/tim.o
 .ARM.attributes
                0x00000152       0x2c build/usart.o
 .ARM.attributes
                0x0000017e       0x2c build/stm32f0xx_hal.o
 .ARM.attributes
                0x000001aa       0x2c build/stm32f0xx_hal_cortex.o
 .ARM.attributes
                0x000001d6       0x2c build/stm32f0xx_hal_dma.o
 .ARM.attributes
                0x00000202       0x2c build/stm32f0xx_hal_gpio.o
 .ARM.attributes
                0x0000022e       0x2c build/stm32f0xx_hal_pcd.o
 .ARM.attributes
                0x0000025a       0x2c build/stm32f0xx_hal_pcd_ex.o
 .ARM.attributes
                0x00000286       0x2c build/stm32f0xx_hal_rcc.o
 .ARM.attributes
                0x000002b2       0x2c build/stm32f0xx_hal_rcc_ex.o
 .ARM.attributes
                0x000002de       0x2c build/stm32f0xx_hal_tim.o
 .ARM.attributes
                0x0000030a       0x2c build/stm32f0xx_hal_tim_ex.o
 .ARM.attributes
                0x00000336       0x2c build/stm32f0xx_hal_uart.o
 .ARM.attributes
                0x00000362       0x2c build/stm32f0xx_hal_uart_ex.o
 .ARM.attributes
                0x0000038e       0x2c build/stm32f0xx_ll_usb.o
 .ARM.attributes
                0x000003ba       0x2c build/usbd_cdc.o
 .ARM.attributes
                0x000003e6       0x2c build/usbd_core.o
 .ARM.attributes
                0x00000412       0x2c build/usbd_ctlreq.o
 .ARM.attributes
                0x0000043e       0x2c build/usbd_ioreq.o
 .ARM.attributes
                0x0000046a       0x2c build/usb_device.o
 .ARM.attributes
                0x00000496       0x2c build/usbd_cdc_if.o
 .ARM.attributes
                0x000004c2       0x2c build/usbd_desc.o
 .ARM.attributes
                0x000004ee       0x2c build/usbd_conf.o
 .ARM.attributes
                0x0000051a       0x21 build/startup_stm32f042x6.o
 .ARM.attributes
                0x0000053b       0x2c c:/users/daniel/appdata/roaming/code/user/globalstorage/bmd.stm32-for-vscode/@xpack-dev-tools/arm-none-eabi-gcc/12.3.1-1.2.1/.content/bin/../lib/gcc/arm-none-eabi/12.3.1/../../../../arm-none-eabi/lib/thumb/v6-m/nofp\libc_nano.a(libc_a-memset.o)
 .ARM.attributes
                0x00000567       0x2c c:/users/daniel/appdata/roaming/code/user/globalstorage/bmd.stm32-for-vscode/@xpack-dev-tools/arm-none-eabi-gcc/12.3.1-1.2.1/.content/bin/../lib/gcc/arm-none-eabi/12.3.1/../../../../arm-none-eabi/lib/thumb/v6-m/nofp\libc_nano.a(libc_a-init.o)
 .ARM.attributes
                0x00000593       0x1e c:/users/daniel/appdata/roaming/code/user/globalstorage/bmd.stm32-for-vscode/@xpack-dev-tools/arm-none-eabi-gcc/12.3.1-1.2.1/.content/bin/../lib/gcc/arm-none-eabi/12.3.1/thumb/v6-m/nofp\libgcc.a(_udivsi3.o)
 .ARM.attributes
                0x000005b1       0x1e c:/users/daniel/appdata/roaming/code/user/globalstorage/bmd.stm32-for-vscode/@xpack-dev-tools/arm-none-eabi-gcc/12.3.1-1.2.1/.content/bin/../lib/gcc/arm-none-eabi/12.3.1/thumb/v6-m/nofp\libgcc.a(_dvmd_tls.o)
 .ARM.attributes
                0x000005cf       0x1e c:/users/daniel/appdata/roaming/code/user/globalstorage/bmd.stm32-for-vscode/@xpack-dev-tools/arm-none-eabi-gcc/12.3.1-1.2.1/.content/bin/../lib/gcc/arm-none-eabi/12.3.1/thumb/v6-m/nofp/crtn.o
OUTPUT(build/SW.elf elf32-littlearm)
LOAD linker stubs
LOAD c:/users/daniel/appdata/roaming/code/user/globalstorage/bmd.stm32-for-vscode/@xpack-dev-tools/arm-none-eabi-gcc/12.3.1-1.2.1/.content/bin/../lib/gcc/arm-none-eabi/12.3.1/../../../../arm-none-eabi/lib/thumb/v6-m/nofp\libc.a
LOAD c:/users/daniel/appdata/roaming/code/user/globalstorage/bmd.stm32-for-vscode/@xpack-dev-tools/arm-none-eabi-gcc/12.3.1-1.2.1/.content/bin/../lib/gcc/arm-none-eabi/12.3.1/../../../../arm-none-eabi/lib/thumb/v6-m/nofp\libm.a
LOAD c:/users/daniel/appdata/roaming/code/user/globalstorage/bmd.stm32-for-vscode/@xpack-dev-tools/arm-none-eabi-gcc/12.3.1-1.2.1/.content/bin/../lib/gcc/arm-none-eabi/12.3.1/thumb/v6-m/nofp\libgcc.a

.comment        0x00000000       0x39
 .comment       0x00000000       0x39 c:/users/daniel/appdata/roaming/code/user/globalstorage/bmd.stm32-for-vscode/@xpack-dev-tools/arm-none-eabi-gcc/12.3.1-1.2.1/.content/bin/../lib/gcc/arm-none-eabi/12.3.1/thumb/v6-m/nofp/crtbegin.o
                                 0x3a (size before relaxing)
 .comment       0x00000039       0x3a build/gpio.o
 .comment       0x00000039       0x3a build/main.o
 .comment       0x00000039       0x3a build/stm32f0xx_hal_msp.o
 .comment       0x00000039       0x3a build/stm32f0xx_it.o
 .comment       0x00000039       0x3a build/system_stm32f0xx.o
 .comment       0x00000039       0x3a build/tim.o
 .comment       0x00000039       0x3a build/usart.o
 .comment       0x00000039       0x3a build/stm32f0xx_hal.o
 .comment       0x00000039       0x3a build/stm32f0xx_hal_cortex.o
 .comment       0x00000039       0x3a build/stm32f0xx_hal_dma.o
 .comment       0x00000039       0x3a build/stm32f0xx_hal_gpio.o
 .comment       0x00000039       0x3a build/stm32f0xx_hal_pcd.o
 .comment       0x00000039       0x3a build/stm32f0xx_hal_pcd_ex.o
 .comment       0x00000039       0x3a build/stm32f0xx_hal_rcc.o
 .comment       0x00000039       0x3a build/stm32f0xx_hal_rcc_ex.o
 .comment       0x00000039       0x3a build/stm32f0xx_hal_tim.o
 .comment       0x00000039       0x3a build/stm32f0xx_hal_tim_ex.o
 .comment       0x00000039       0x3a build/stm32f0xx_hal_uart.o
 .comment       0x00000039       0x3a build/stm32f0xx_hal_uart_ex.o
 .comment       0x00000039       0x3a build/stm32f0xx_ll_usb.o
 .comment       0x00000039       0x3a build/usbd_cdc.o
 .comment       0x00000039       0x3a build/usbd_core.o
 .comment       0x00000039       0x3a build/usbd_ctlreq.o
 .comment       0x00000039       0x3a build/usbd_ioreq.o
 .comment       0x00000039       0x3a build/usb_device.o
 .comment       0x00000039       0x3a build/usbd_cdc_if.o
 .comment       0x00000039       0x3a build/usbd_desc.o
 .comment       0x00000039       0x3a build/usbd_conf.o
 .comment       0x00000039       0x3a c:/users/daniel/appdata/roaming/code/user/globalstorage/bmd.stm32-for-vscode/@xpack-dev-tools/arm-none-eabi-gcc/12.3.1-1.2.1/.content/bin/../lib/gcc/arm-none-eabi/12.3.1/../../../../arm-none-eabi/lib/thumb/v6-m/nofp\libc_nano.a(libc_a-memset.o)
 .comment       0x00000039       0x3a c:/users/daniel/appdata/roaming/code/user/globalstorage/bmd.stm32-for-vscode/@xpack-dev-tools/arm-none-eabi-gcc/12.3.1-1.2.1/.content/bin/../lib/gcc/arm-none-eabi/12.3.1/../../../../arm-none-eabi/lib/thumb/v6-m/nofp\libc_nano.a(libc_a-init.o)

.debug_info     0x00000000    0x1b7ea
 .debug_info    0x00000000      0x370 build/gpio.o
 .debug_info    0x00000370      0x45a build/main.o
 .debug_info    0x000007ca      0x1ea build/stm32f0xx_hal_msp.o
 .debug_info    0x000009b4      0xb93 build/stm32f0xx_it.o
 .debug_info    0x00001547      0x276 build/system_stm32f0xx.o
 .debug_info    0x000017bd      0xb2f build/tim.o
 .debug_info    0x000022ec      0xb04 build/usart.o
 .debug_info    0x00002df0      0x740 build/stm32f0xx_hal.o
 .debug_info    0x00003530      0x7c0 build/stm32f0xx_hal_cortex.o
 .debug_info    0x00003cf0      0x82c build/stm32f0xx_hal_dma.o
 .debug_info    0x0000451c      0x5de build/stm32f0xx_hal_gpio.o
 .debug_info    0x00004afa     0x1b38 build/stm32f0xx_hal_pcd.o
 .debug_info    0x00006632      0x973 build/stm32f0xx_hal_pcd_ex.o
 .debug_info    0x00006fa5      0xa6b build/stm32f0xx_hal_rcc.o
 .debug_info    0x00007a10      0x6ea build/stm32f0xx_hal_rcc_ex.o
 .debug_info    0x000080fa     0x3b31 build/stm32f0xx_hal_tim.o
 .debug_info    0x0000bc2b     0x1a0b build/stm32f0xx_hal_tim_ex.o
 .debug_info    0x0000d636     0x4ef7 build/stm32f0xx_hal_uart.o
 .debug_info    0x0001252d      0xe71 build/stm32f0xx_hal_uart_ex.o
 .debug_info    0x0001339e     0x195d build/stm32f0xx_ll_usb.o
 .debug_info    0x00014cfb     0x13fc build/usbd_cdc.o
 .debug_info    0x000160f7      0xdb6 build/usbd_core.o
 .debug_info    0x00016ead     0x108b build/usbd_ctlreq.o
 .debug_info    0x00017f38      0x7b1 build/usbd_ioreq.o
 .debug_info    0x000186e9      0x6bf build/usb_device.o
 .debug_info    0x00018da8      0x89a build/usbd_cdc_if.o
 .debug_info    0x00019642      0x5b5 build/usbd_desc.o
 .debug_info    0x00019bf7     0x1b49 build/usbd_conf.o
 .debug_info    0x0001b740       0x30 build/startup_stm32f042x6.o
 .debug_info    0x0001b770       0x3e c:/users/daniel/appdata/roaming/code/user/globalstorage/bmd.stm32-for-vscode/@xpack-dev-tools/arm-none-eabi-gcc/12.3.1-1.2.1/.content/bin/../lib/gcc/arm-none-eabi/12.3.1/thumb/v6-m/nofp\libgcc.a(_udivsi3.o)
 .debug_info    0x0001b7ae       0x3c c:/users/daniel/appdata/roaming/code/user/globalstorage/bmd.stm32-for-vscode/@xpack-dev-tools/arm-none-eabi-gcc/12.3.1-1.2.1/.content/bin/../lib/gcc/arm-none-eabi/12.3.1/thumb/v6-m/nofp\libgcc.a(_dvmd_tls.o)

.debug_abbrev   0x00000000     0x408d
 .debug_abbrev  0x00000000      0x177 build/gpio.o
 .debug_abbrev  0x00000177      0x1ac build/main.o
 .debug_abbrev  0x00000323       0xda build/stm32f0xx_hal_msp.o
 .debug_abbrev  0x000003fd      0x1c2 build/stm32f0xx_it.o
 .debug_abbrev  0x000005bf      0x136 build/system_stm32f0xx.o
 .debug_abbrev  0x000006f5      0x251 build/tim.o
 .debug_abbrev  0x00000946      0x22b build/usart.o
 .debug_abbrev  0x00000b71      0x265 build/stm32f0xx_hal.o
 .debug_abbrev  0x00000dd6      0x2ec build/stm32f0xx_hal_cortex.o
 .debug_abbrev  0x000010c2      0x22b build/stm32f0xx_hal_dma.o
 .debug_abbrev  0x000012ed      0x1f9 build/stm32f0xx_hal_gpio.o
 .debug_abbrev  0x000014e6      0x2db build/stm32f0xx_hal_pcd.o
 .debug_abbrev  0x000017c1      0x26d build/stm32f0xx_hal_pcd_ex.o
 .debug_abbrev  0x00001a2e      0x29d build/stm32f0xx_hal_rcc.o
 .debug_abbrev  0x00001ccb      0x20d build/stm32f0xx_hal_rcc_ex.o
 .debug_abbrev  0x00001ed8      0x271 build/stm32f0xx_hal_tim.o
 .debug_abbrev  0x00002149      0x26f build/stm32f0xx_hal_tim_ex.o
 .debug_abbrev  0x000023b8      0x309 build/stm32f0xx_hal_uart.o
 .debug_abbrev  0x000026c1      0x2e7 build/stm32f0xx_hal_uart_ex.o
 .debug_abbrev  0x000029a8      0x2c0 build/stm32f0xx_ll_usb.o
 .debug_abbrev  0x00002c68      0x31c build/usbd_cdc.o
 .debug_abbrev  0x00002f84      0x284 build/usbd_core.o
 .debug_abbrev  0x00003208      0x2eb build/usbd_ctlreq.o
 .debug_abbrev  0x000034f3      0x1a8 build/usbd_ioreq.o
 .debug_abbrev  0x0000369b      0x1a8 build/usb_device.o
 .debug_abbrev  0x00003843      0x278 build/usbd_cdc_if.o
 .debug_abbrev  0x00003abb      0x217 build/usbd_desc.o
 .debug_abbrev  0x00003cd2      0x349 build/usbd_conf.o
 .debug_abbrev  0x0000401b       0x24 build/startup_stm32f042x6.o
 .debug_abbrev  0x0000403f       0x28 c:/users/daniel/appdata/roaming/code/user/globalstorage/bmd.stm32-for-vscode/@xpack-dev-tools/arm-none-eabi-gcc/12.3.1-1.2.1/.content/bin/../lib/gcc/arm-none-eabi/12.3.1/thumb/v6-m/nofp\libgcc.a(_udivsi3.o)
 .debug_abbrev  0x00004067       0x26 c:/users/daniel/appdata/roaming/code/user/globalstorage/bmd.stm32-for-vscode/@xpack-dev-tools/arm-none-eabi-gcc/12.3.1-1.2.1/.content/bin/../lib/gcc/arm-none-eabi/12.3.1/thumb/v6-m/nofp\libgcc.a(_dvmd_tls.o)

.debug_aranges  0x00000000     0x1308
 .debug_aranges
                0x00000000       0x20 build/gpio.o
 .debug_aranges
                0x00000020       0x30 build/main.o
 .debug_aranges
                0x00000050       0x20 build/stm32f0xx_hal_msp.o
 .debug_aranges
                0x00000070       0x50 build/stm32f0xx_it.o
 .debug_aranges
                0x000000c0       0x28 build/system_stm32f0xx.o
 .debug_aranges
                0x000000e8       0x38 build/tim.o
 .debug_aranges
                0x00000120       0x30 build/usart.o
 .debug_aranges
                0x00000150       0xd0 build/stm32f0xx_hal.o
 .debug_aranges
                0x00000220       0x98 build/stm32f0xx_hal_cortex.o
 .debug_aranges
                0x000002b8       0x88 build/stm32f0xx_hal_dma.o
 .debug_aranges
                0x00000340       0x58 build/stm32f0xx_hal_gpio.o
 .debug_aranges
                0x00000398      0x138 build/stm32f0xx_hal_pcd.o
 .debug_aranges
                0x000004d0       0x58 build/stm32f0xx_hal_pcd_ex.o
 .debug_aranges
                0x00000528       0x80 build/stm32f0xx_hal_rcc.o
 .debug_aranges
                0x000005a8       0x78 build/stm32f0xx_hal_rcc_ex.o
 .debug_aranges
                0x00000620      0x3d0 build/stm32f0xx_hal_tim.o
 .debug_aranges
                0x000009f0      0x168 build/stm32f0xx_hal_tim_ex.o
 .debug_aranges
                0x00000b58      0x228 build/stm32f0xx_hal_uart.o
 .debug_aranges
                0x00000d80       0x70 build/stm32f0xx_hal_uart_ex.o
 .debug_aranges
                0x00000df0       0xb8 build/stm32f0xx_ll_usb.o
 .debug_aranges
                0x00000ea8       0x90 build/usbd_cdc.o
 .debug_aranges
                0x00000f38       0xb8 build/usbd_core.o
 .debug_aranges
                0x00000ff0       0x88 build/usbd_ctlreq.o
 .debug_aranges
                0x00001078       0x50 build/usbd_ioreq.o
 .debug_aranges
                0x000010c8       0x20 build/usb_device.o
 .debug_aranges
                0x000010e8       0x40 build/usbd_cdc_if.o
 .debug_aranges
                0x00001128       0x60 build/usbd_desc.o
 .debug_aranges
                0x00001188      0x118 build/usbd_conf.o
 .debug_aranges
                0x000012a0       0x28 build/startup_stm32f042x6.o
 .debug_aranges
                0x000012c8       0x20 c:/users/daniel/appdata/roaming/code/user/globalstorage/bmd.stm32-for-vscode/@xpack-dev-tools/arm-none-eabi-gcc/12.3.1-1.2.1/.content/bin/../lib/gcc/arm-none-eabi/12.3.1/thumb/v6-m/nofp\libgcc.a(_udivsi3.o)
 .debug_aranges
                0x000012e8       0x20 c:/users/daniel/appdata/roaming/code/user/globalstorage/bmd.stm32-for-vscode/@xpack-dev-tools/arm-none-eabi-gcc/12.3.1-1.2.1/.content/bin/../lib/gcc/arm-none-eabi/12.3.1/thumb/v6-m/nofp\libgcc.a(_dvmd_tls.o)

.debug_rnglists
                0x00000000      0xfdb
 .debug_rnglists
                0x00000000       0x13 build/gpio.o
 .debug_rnglists
                0x00000013       0x1f build/main.o
 .debug_rnglists
                0x00000032       0x13 build/stm32f0xx_hal_msp.o
 .debug_rnglists
                0x00000045       0x37 build/stm32f0xx_it.o
 .debug_rnglists
                0x0000007c       0x1a build/system_stm32f0xx.o
 .debug_rnglists
                0x00000096       0x26 build/tim.o
 .debug_rnglists
                0x000000bc       0x1f build/usart.o
 .debug_rnglists
                0x000000db       0x97 build/stm32f0xx_hal.o
 .debug_rnglists
                0x00000172       0x79 build/stm32f0xx_hal_cortex.o
 .debug_rnglists
                0x000001eb       0x63 build/stm32f0xx_hal_dma.o
 .debug_rnglists
                0x0000024e       0x3f build/stm32f0xx_hal_gpio.o
 .debug_rnglists
                0x0000028d      0x162 build/stm32f0xx_hal_pcd.o
 .debug_rnglists
                0x000003ef       0x3e build/stm32f0xx_hal_pcd_ex.o
 .debug_rnglists
                0x0000042d       0x6e build/stm32f0xx_hal_rcc.o
 .debug_rnglists
                0x0000049b       0x66 build/stm32f0xx_hal_rcc_ex.o
 .debug_rnglists
                0x00000501      0x303 build/stm32f0xx_hal_tim.o
 .debug_rnglists
                0x00000804      0x11a build/stm32f0xx_hal_tim_ex.o
 .debug_rnglists
                0x0000091e      0x1b1 build/stm32f0xx_hal_uart.o
 .debug_rnglists
                0x00000acf       0x52 build/stm32f0xx_hal_uart_ex.o
 .debug_rnglists
                0x00000b21      0x1c6 build/stm32f0xx_ll_usb.o
 .debug_rnglists
                0x00000ce7       0x69 build/usbd_cdc.o
 .debug_rnglists
                0x00000d50       0x87 build/usbd_core.o
 .debug_rnglists
                0x00000dd7       0x64 build/usbd_ctlreq.o
 .debug_rnglists
                0x00000e3b       0x37 build/usbd_ioreq.o
 .debug_rnglists
                0x00000e72       0x13 build/usb_device.o
 .debug_rnglists
                0x00000e85       0x2b build/usbd_cdc_if.o
 .debug_rnglists
                0x00000eb0       0x43 build/usbd_desc.o
 .debug_rnglists
                0x00000ef3       0xce build/usbd_conf.o
 .debug_rnglists
                0x00000fc1       0x1a build/startup_stm32f042x6.o

.debug_line     0x00000000    0x166cf
 .debug_line    0x00000000      0x264 build/gpio.o
 .debug_line    0x00000264      0x381 build/main.o
 .debug_line    0x000005e5      0x204 build/stm32f0xx_hal_msp.o
 .debug_line    0x000007e9      0x33a build/stm32f0xx_it.o
 .debug_line    0x00000b23      0x2d4 build/system_stm32f0xx.o
 .debug_line    0x00000df7      0x3f5 build/tim.o
 .debug_line    0x000011ec      0x3a9 build/usart.o
 .debug_line    0x00001595      0x59a build/stm32f0xx_hal.o
 .debug_line    0x00001b2f      0x5cb build/stm32f0xx_hal_cortex.o
 .debug_line    0x000020fa      0xafc build/stm32f0xx_hal_dma.o
 .debug_line    0x00002bf6      0x72a build/stm32f0xx_hal_gpio.o
 .debug_line    0x00003320     0x1a81 build/stm32f0xx_hal_pcd.o
 .debug_line    0x00004da1      0x4e3 build/stm32f0xx_hal_pcd_ex.o
 .debug_line    0x00005284      0xd1e build/stm32f0xx_hal_rcc.o
 .debug_line    0x00005fa2      0x959 build/stm32f0xx_hal_rcc_ex.o
 .debug_line    0x000068fb     0x4c1d build/stm32f0xx_hal_tim.o
 .debug_line    0x0000b518     0x1cff build/stm32f0xx_hal_tim_ex.o
 .debug_line    0x0000d217     0x3e6b build/stm32f0xx_hal_uart.o
 .debug_line    0x00011082      0x9f5 build/stm32f0xx_hal_uart_ex.o
 .debug_line    0x00011a77     0x199c build/stm32f0xx_ll_usb.o
 .debug_line    0x00013413      0x859 build/usbd_cdc.o
 .debug_line    0x00013c6c      0x7bc build/usbd_core.o
 .debug_line    0x00014428      0xbb4 build/usbd_ctlreq.o
 .debug_line    0x00014fdc      0x32e build/usbd_ioreq.o
 .debug_line    0x0001530a      0x2b3 build/usb_device.o
 .debug_line    0x000155bd      0x2ec build/usbd_cdc_if.o
 .debug_line    0x000158a9      0x40a build/usbd_desc.o
 .debug_line    0x00015cb3      0x8f3 build/usbd_conf.o
 .debug_line    0x000165a6       0x89 build/startup_stm32f042x6.o
 .debug_line    0x0001662f       0x56 c:/users/daniel/appdata/roaming/code/user/globalstorage/bmd.stm32-for-vscode/@xpack-dev-tools/arm-none-eabi-gcc/12.3.1-1.2.1/.content/bin/../lib/gcc/arm-none-eabi/12.3.1/thumb/v6-m/nofp\libgcc.a(_udivsi3.o)
 .debug_line    0x00016685       0x4a c:/users/daniel/appdata/roaming/code/user/globalstorage/bmd.stm32-for-vscode/@xpack-dev-tools/arm-none-eabi-gcc/12.3.1-1.2.1/.content/bin/../lib/gcc/arm-none-eabi/12.3.1/thumb/v6-m/nofp\libgcc.a(_dvmd_tls.o)

.debug_str      0x00000000     0x5322
 .debug_str     0x00000000      0x269 build/gpio.o
                                0x2c1 (size before relaxing)
 .debug_str     0x00000269      0x2c2 build/main.o
                                0x45b (size before relaxing)
 .debug_str     0x0000052b       0x4e build/stm32f0xx_hal_msp.o
                                0x20f (size before relaxing)
 .debug_str     0x00000579      0x795 build/stm32f0xx_it.o
                                0x98c (size before relaxing)
 .debug_str     0x00000d0e       0x96 build/system_stm32f0xx.o
                                0x262 (size before relaxing)
 .debug_str     0x00000da4      0x40d build/tim.o
                                0x8e7 (size before relaxing)
 .debug_str     0x000011b1      0x246 build/usart.o
                                0x930 (size before relaxing)
 .debug_str     0x000013f7      0x2a4 build/stm32f0xx_hal.o
                                0x6b6 (size before relaxing)
 .debug_str     0x0000169b      0x22f build/stm32f0xx_hal_cortex.o
                                0x5f7 (size before relaxing)
 .debug_str     0x000018ca      0x245 build/stm32f0xx_hal_dma.o
                                0x608 (size before relaxing)
 .debug_str     0x00001b0f       0xe4 build/stm32f0xx_hal_gpio.o
                                0x3e5 (size before relaxing)
 .debug_str     0x00001bf3      0x542 build/stm32f0xx_hal_pcd.o
                                0xab1 (size before relaxing)
 .debug_str     0x00002135      0x183 build/stm32f0xx_hal_pcd_ex.o
                                0x75b (size before relaxing)
 .debug_str     0x000022b8      0x1d3 build/stm32f0xx_hal_rcc.o
                                0x651 (size before relaxing)
 .debug_str     0x0000248b      0x275 build/stm32f0xx_hal_rcc_ex.o
                                0x5fd (size before relaxing)
 .debug_str     0x00002700      0xe89 build/stm32f0xx_hal_tim.o
                               0x165a (size before relaxing)
 .debug_str     0x00003589      0x4eb build/stm32f0xx_hal_tim_ex.o
                                0xe76 (size before relaxing)
 .debug_str     0x00003a74      0x785 build/stm32f0xx_hal_uart.o
                                0xece (size before relaxing)
 .debug_str     0x000041f9      0x1b5 build/stm32f0xx_hal_uart_ex.o
                                0x8e9 (size before relaxing)
 .debug_str     0x000043ae       0xd0 build/stm32f0xx_ll_usb.o
                                0x63c (size before relaxing)
 .debug_str     0x0000447e      0x678 build/usbd_cdc.o
                                0xc46 (size before relaxing)
 .debug_str     0x00004af6      0x291 build/usbd_core.o
                                0x827 (size before relaxing)
 .debug_str     0x00004d87      0x11d build/usbd_ctlreq.o
                                0x730 (size before relaxing)
 .debug_str     0x00004ea4       0x4e build/usbd_ioreq.o
                                0x65d (size before relaxing)
 .debug_str     0x00004ef2       0x48 build/usb_device.o
                                0x63e (size before relaxing)
 .debug_str     0x00004f3a       0x83 build/usbd_cdc_if.o
                                0x6f2 (size before relaxing)
 .debug_str     0x00004fbd      0x16d build/usbd_desc.o
                                0x436 (size before relaxing)
 .debug_str     0x0000512a       0x8e build/usbd_conf.o
                               0x1078 (size before relaxing)
 .debug_str     0x000051b8       0x32 build/startup_stm32f042x6.o
                                 0x6b (size before relaxing)
 .debug_str     0x000051ea      0x11c c:/users/daniel/appdata/roaming/code/user/globalstorage/bmd.stm32-for-vscode/@xpack-dev-tools/arm-none-eabi-gcc/12.3.1-1.2.1/.content/bin/../lib/gcc/arm-none-eabi/12.3.1/thumb/v6-m/nofp\libgcc.a(_udivsi3.o)
                                0x13b (size before relaxing)
 .debug_str     0x00005306       0x1c c:/users/daniel/appdata/roaming/code/user/globalstorage/bmd.stm32-for-vscode/@xpack-dev-tools/arm-none-eabi-gcc/12.3.1-1.2.1/.content/bin/../lib/gcc/arm-none-eabi/12.3.1/thumb/v6-m/nofp\libgcc.a(_dvmd_tls.o)
                                0x13c (size before relaxing)

.debug_frame    0x00000000     0x2f30
 .debug_frame   0x00000000       0x2c build/gpio.o
 .debug_frame   0x0000002c       0x50 build/main.o
 .debug_frame   0x0000007c       0x24 build/stm32f0xx_hal_msp.o
 .debug_frame   0x000000a0       0x98 build/stm32f0xx_it.o
 .debug_frame   0x00000138       0x38 build/system_stm32f0xx.o
 .debug_frame   0x00000170       0x68 build/tim.o
 .debug_frame   0x000001d8       0x5c build/usart.o
 .debug_frame   0x00000234      0x1ac build/stm32f0xx_hal.o
 .debug_frame   0x000003e0      0x144 build/stm32f0xx_hal_cortex.o
 .debug_frame   0x00000524      0x168 build/stm32f0xx_hal_dma.o
 .debug_frame   0x0000068c       0xc0 build/stm32f0xx_hal_gpio.o
 .debug_frame   0x0000074c      0x350 build/stm32f0xx_hal_pcd.o
 .debug_frame   0x00000a9c       0xa8 build/stm32f0xx_hal_pcd_ex.o
 .debug_frame   0x00000b44      0x138 build/stm32f0xx_hal_rcc.o
 .debug_frame   0x00000c7c       0xfc build/stm32f0xx_hal_rcc_ex.o
 .debug_frame   0x00000d78      0xadc build/stm32f0xx_hal_tim.o
 .debug_frame   0x00001854      0x420 build/stm32f0xx_hal_tim_ex.o
 .debug_frame   0x00001c74      0x62c build/stm32f0xx_hal_uart.o
 .debug_frame   0x000022a0      0x128 build/stm32f0xx_hal_uart_ex.o
 .debug_frame   0x000023c8      0x194 build/stm32f0xx_ll_usb.o
 .debug_frame   0x0000255c      0x158 build/usbd_cdc.o
 .debug_frame   0x000026b4      0x1c4 build/usbd_core.o
 .debug_frame   0x00002878      0x168 build/usbd_ctlreq.o
 .debug_frame   0x000029e0       0xb8 build/usbd_ioreq.o
 .debug_frame   0x00002a98       0x28 build/usb_device.o
 .debug_frame   0x00002ac0       0x78 build/usbd_cdc_if.o
 .debug_frame   0x00002b38       0xe0 build/usbd_desc.o
 .debug_frame   0x00002c18      0x2f8 build/usbd_conf.o
 .debug_frame   0x00002f10       0x20 c:/users/daniel/appdata/roaming/code/user/globalstorage/bmd.stm32-for-vscode/@xpack-dev-tools/arm-none-eabi-gcc/12.3.1-1.2.1/.content/bin/../lib/gcc/arm-none-eabi/12.3.1/thumb/v6-m/nofp\libgcc.a(_udivsi3.o)

.debug_loclists
                0x00000000     0xce52
 .debug_loclists
                0x00000000       0xe3 build/system_stm32f0xx.o
 .debug_loclists
                0x000000e3       0x31 build/tim.o
 .debug_loclists
                0x00000114       0x59 build/usart.o
 .debug_loclists
                0x0000016d       0xc9 build/stm32f0xx_hal.o
 .debug_loclists
                0x00000236      0x1ae build/stm32f0xx_hal_cortex.o
 .debug_loclists
                0x000003e4      0x570 build/stm32f0xx_hal_dma.o
 .debug_loclists
                0x00000954      0x25d build/stm32f0xx_hal_gpio.o
 .debug_loclists
                0x00000bb1      0xe64 build/stm32f0xx_hal_pcd.o
 .debug_loclists
                0x00001a15      0x1a7 build/stm32f0xx_hal_pcd_ex.o
 .debug_loclists
                0x00001bbc      0x45c build/stm32f0xx_hal_rcc.o
 .debug_loclists
                0x00002018      0x525 build/stm32f0xx_hal_rcc_ex.o
 .debug_loclists
                0x0000253d     0x37cf build/stm32f0xx_hal_tim.o
 .debug_loclists
                0x00005d0c     0x15dc build/stm32f0xx_hal_tim_ex.o
 .debug_loclists
                0x000072e8     0x21ab build/stm32f0xx_hal_uart.o
 .debug_loclists
                0x00009493      0x5ee build/stm32f0xx_hal_uart_ex.o
 .debug_loclists
                0x00009a81     0x104c build/stm32f0xx_ll_usb.o
 .debug_loclists
                0x0000aacd      0x5cb build/usbd_cdc.o
 .debug_loclists
                0x0000b098      0x583 build/usbd_core.o
 .debug_loclists
                0x0000b61b      0xc36 build/usbd_ctlreq.o
 .debug_loclists
                0x0000c251      0x198 build/usbd_ioreq.o
 .debug_loclists
                0x0000c3e9       0xd8 build/usbd_cdc_if.o
 .debug_loclists
                0x0000c4c1      0x223 build/usbd_desc.o
 .debug_loclists
                0x0000c6e4      0x76e build/usbd_conf.o

.debug_line_str
                0x00000000      0x161
 .debug_line_str
                0x00000000       0x4f build/startup_stm32f042x6.o
 .debug_line_str
                0x0000004f      0x112 c:/users/daniel/appdata/roaming/code/user/globalstorage/bmd.stm32-for-vscode/@xpack-dev-tools/arm-none-eabi-gcc/12.3.1-1.2.1/.content/bin/../lib/gcc/arm-none-eabi/12.3.1/thumb/v6-m/nofp\libgcc.a(_udivsi3.o)
 .debug_line_str
                0x00000161      0x112 c:/users/daniel/appdata/roaming/code/user/globalstorage/bmd.stm32-for-vscode/@xpack-dev-tools/arm-none-eabi-gcc/12.3.1-1.2.1/.content/bin/../lib/gcc/arm-none-eabi/12.3.1/thumb/v6-m/nofp\libgcc.a(_dvmd_tls.o)

Cross Reference Table

Symbol                                            File
ADC1_IRQHandler                                   build/startup_stm32f042x6.o
AHBPrescTable                                     build/system_stm32f0xx.o
                                                  build/stm32f0xx_hal_rcc.o
APBPrescTable                                     build/system_stm32f0xx.o
                                                  build/stm32f0xx_hal_rcc.o
CDC_Transmit_FS                                   build/usbd_cdc_if.o
CEC_CAN_IRQHandler                                build/startup_stm32f042x6.o
DMA1_Channel1_IRQHandler                          build/startup_stm32f042x6.o
DMA1_Channel2_3_IRQHandler                        build/startup_stm32f042x6.o
DMA1_Channel4_5_IRQHandler                        build/startup_stm32f042x6.o
Default_Handler                                   build/startup_stm32f042x6.o
EXTI0_1_IRQHandler                                build/startup_stm32f042x6.o
EXTI2_3_IRQHandler                                build/startup_stm32f042x6.o
EXTI4_15_IRQHandler                               build/startup_stm32f042x6.o
Error_Handler                                     build/main.o
                                                  build/usbd_conf.o
                                                  build/usb_device.o
                                                  build/usart.o
                                                  build/tim.o
FLASH_IRQHandler                                  build/startup_stm32f042x6.o
FLASH_PageErase                                   build/stm32f0xx_hal_flash_ex.o
                                                  build/stm32f0xx_hal_flash.o
FLASH_WaitForLastOperation                        build/stm32f0xx_hal_flash.o
                                                  build/stm32f0xx_hal_flash_ex.o
FS_Desc                                           build/usbd_desc.o
                                                  build/usb_device.o
HAL_DBGMCU_DisableDBGStandbyMode                  build/stm32f0xx_hal.o
HAL_DBGMCU_DisableDBGStopMode                     build/stm32f0xx_hal.o
HAL_DBGMCU_EnableDBGStandbyMode                   build/stm32f0xx_hal.o
HAL_DBGMCU_EnableDBGStopMode                      build/stm32f0xx_hal.o
HAL_DMA_Abort                                     build/stm32f0xx_hal_dma.o
                                                  build/stm32f0xx_hal_uart.o
HAL_DMA_Abort_IT                                  build/stm32f0xx_hal_dma.o
                                                  build/stm32f0xx_hal_uart.o
                                                  build/stm32f0xx_hal_tim_ex.o
                                                  build/stm32f0xx_hal_tim.o
                                                  build/stm32f0xx_hal_i2c.o
HAL_DMA_DeInit                                    build/stm32f0xx_hal_dma.o
HAL_DMA_GetError                                  build/stm32f0xx_hal_dma.o
                                                  build/stm32f0xx_hal_uart.o
HAL_DMA_GetState                                  build/stm32f0xx_hal_dma.o
                                                  build/stm32f0xx_hal_i2c.o
HAL_DMA_IRQHandler                                build/stm32f0xx_hal_dma.o
HAL_DMA_Init                                      build/stm32f0xx_hal_dma.o
HAL_DMA_PollForTransfer                           build/stm32f0xx_hal_dma.o
HAL_DMA_RegisterCallback                          build/stm32f0xx_hal_dma.o
HAL_DMA_Start                                     build/stm32f0xx_hal_dma.o
HAL_DMA_Start_IT                                  build/stm32f0xx_hal_dma.o
                                                  build/stm32f0xx_hal_uart.o
                                                  build/stm32f0xx_hal_tim_ex.o
                                                  build/stm32f0xx_hal_tim.o
                                                  build/stm32f0xx_hal_i2c.o
HAL_DMA_UnRegisterCallback                        build/stm32f0xx_hal_dma.o
HAL_DeInit                                        build/stm32f0xx_hal.o
HAL_Delay                                         build/stm32f0xx_hal.o
                                                  build/usbd_conf.o
                                                  build/stm32f0xx_hal_pcd_ex.o
HAL_EXTI_ClearConfigLine                          build/stm32f0xx_hal_exti.o
HAL_EXTI_ClearPending                             build/stm32f0xx_hal_exti.o
HAL_EXTI_GenerateSWI                              build/stm32f0xx_hal_exti.o
HAL_EXTI_GetConfigLine                            build/stm32f0xx_hal_exti.o
HAL_EXTI_GetHandle                                build/stm32f0xx_hal_exti.o
HAL_EXTI_GetPending                               build/stm32f0xx_hal_exti.o
HAL_EXTI_IRQHandler                               build/stm32f0xx_hal_exti.o
HAL_EXTI_RegisterCallback                         build/stm32f0xx_hal_exti.o
HAL_EXTI_SetConfigLine                            build/stm32f0xx_hal_exti.o
HAL_FLASHEx_Erase                                 build/stm32f0xx_hal_flash_ex.o
HAL_FLASHEx_Erase_IT                              build/stm32f0xx_hal_flash_ex.o
HAL_FLASHEx_OBErase                               build/stm32f0xx_hal_flash_ex.o
HAL_FLASHEx_OBGetConfig                           build/stm32f0xx_hal_flash_ex.o
HAL_FLASHEx_OBGetUserData                         build/stm32f0xx_hal_flash_ex.o
HAL_FLASHEx_OBProgram                             build/stm32f0xx_hal_flash_ex.o
HAL_FLASH_EndOfOperationCallback                  build/stm32f0xx_hal_flash.o
HAL_FLASH_GetError                                build/stm32f0xx_hal_flash.o
HAL_FLASH_IRQHandler                              build/stm32f0xx_hal_flash.o
HAL_FLASH_Lock                                    build/stm32f0xx_hal_flash.o
HAL_FLASH_OB_Launch                               build/stm32f0xx_hal_flash.o
HAL_FLASH_OB_Lock                                 build/stm32f0xx_hal_flash.o
HAL_FLASH_OB_Unlock                               build/stm32f0xx_hal_flash.o
HAL_FLASH_OperationErrorCallback                  build/stm32f0xx_hal_flash.o
HAL_FLASH_Program                                 build/stm32f0xx_hal_flash.o
HAL_FLASH_Program_IT                              build/stm32f0xx_hal_flash.o
HAL_FLASH_Unlock                                  build/stm32f0xx_hal_flash.o
HAL_GPIO_DeInit                                   build/stm32f0xx_hal_gpio.o
                                                  build/usart.o
HAL_GPIO_EXTI_Callback                            build/stm32f0xx_hal_gpio.o
HAL_GPIO_EXTI_IRQHandler                          build/stm32f0xx_hal_gpio.o
HAL_GPIO_Init                                     build/stm32f0xx_hal_gpio.o
                                                  build/stm32f0xx_hal_rcc.o
                                                  build/usart.o
                                                  build/tim.o
                                                  build/gpio.o
HAL_GPIO_LockPin                                  build/stm32f0xx_hal_gpio.o
HAL_GPIO_ReadPin                                  build/stm32f0xx_hal_gpio.o
HAL_GPIO_TogglePin                                build/stm32f0xx_hal_gpio.o
HAL_GPIO_WritePin                                 build/stm32f0xx_hal_gpio.o
                                                  build/gpio.o
HAL_GetDEVID                                      build/stm32f0xx_hal.o
HAL_GetHalVersion                                 build/stm32f0xx_hal.o
HAL_GetREVID                                      build/stm32f0xx_hal.o
HAL_GetTick                                       build/stm32f0xx_hal.o
                                                  build/stm32f0xx_hal_uart_ex.o
                                                  build/stm32f0xx_hal_uart.o
                                                  build/stm32f0xx_hal_rcc_ex.o
                                                  build/stm32f0xx_hal_rcc.o
                                                  build/stm32f0xx_hal_pcd_ex.o
                                                  build/stm32f0xx_hal_i2c.o
                                                  build/stm32f0xx_hal_flash.o
                                                  build/stm32f0xx_hal_dma.o
HAL_GetTickFreq                                   build/stm32f0xx_hal.o
HAL_GetTickPrio                                   build/stm32f0xx_hal.o
HAL_GetUIDw0                                      build/stm32f0xx_hal.o
HAL_GetUIDw1                                      build/stm32f0xx_hal.o
HAL_GetUIDw2                                      build/stm32f0xx_hal.o
HAL_HalfDuplex_EnableReceiver                     build/stm32f0xx_hal_uart.o
HAL_HalfDuplex_EnableTransmitter                  build/stm32f0xx_hal_uart.o
HAL_HalfDuplex_Init                               build/stm32f0xx_hal_uart.o
HAL_I2CEx_ConfigAnalogFilter                      build/stm32f0xx_hal_i2c_ex.o
HAL_I2CEx_ConfigDigitalFilter                     build/stm32f0xx_hal_i2c_ex.o
HAL_I2CEx_DisableFastModePlus                     build/stm32f0xx_hal_i2c_ex.o
HAL_I2CEx_DisableWakeUp                           build/stm32f0xx_hal_i2c_ex.o
HAL_I2CEx_EnableFastModePlus                      build/stm32f0xx_hal_i2c_ex.o
HAL_I2CEx_EnableWakeUp                            build/stm32f0xx_hal_i2c_ex.o
HAL_I2C_AbortCpltCallback                         build/stm32f0xx_hal_i2c.o
HAL_I2C_AddrCallback                              build/stm32f0xx_hal_i2c.o
HAL_I2C_DeInit                                    build/stm32f0xx_hal_i2c.o
HAL_I2C_DisableListen_IT                          build/stm32f0xx_hal_i2c.o
HAL_I2C_ER_IRQHandler                             build/stm32f0xx_hal_i2c.o
HAL_I2C_EV_IRQHandler                             build/stm32f0xx_hal_i2c.o
HAL_I2C_EnableListen_IT                           build/stm32f0xx_hal_i2c.o
HAL_I2C_ErrorCallback                             build/stm32f0xx_hal_i2c.o
HAL_I2C_GetError                                  build/stm32f0xx_hal_i2c.o
HAL_I2C_GetMode                                   build/stm32f0xx_hal_i2c.o
HAL_I2C_GetState                                  build/stm32f0xx_hal_i2c.o
HAL_I2C_Init                                      build/stm32f0xx_hal_i2c.o
HAL_I2C_IsDeviceReady                             build/stm32f0xx_hal_i2c.o
HAL_I2C_ListenCpltCallback                        build/stm32f0xx_hal_i2c.o
HAL_I2C_MasterRxCpltCallback                      build/stm32f0xx_hal_i2c.o
HAL_I2C_MasterTxCpltCallback                      build/stm32f0xx_hal_i2c.o
HAL_I2C_Master_Abort_IT                           build/stm32f0xx_hal_i2c.o
HAL_I2C_Master_Receive                            build/stm32f0xx_hal_i2c.o
HAL_I2C_Master_Receive_DMA                        build/stm32f0xx_hal_i2c.o
HAL_I2C_Master_Receive_IT                         build/stm32f0xx_hal_i2c.o
HAL_I2C_Master_Seq_Receive_DMA                    build/stm32f0xx_hal_i2c.o
HAL_I2C_Master_Seq_Receive_IT                     build/stm32f0xx_hal_i2c.o
HAL_I2C_Master_Seq_Transmit_DMA                   build/stm32f0xx_hal_i2c.o
HAL_I2C_Master_Seq_Transmit_IT                    build/stm32f0xx_hal_i2c.o
HAL_I2C_Master_Transmit                           build/stm32f0xx_hal_i2c.o
HAL_I2C_Master_Transmit_DMA                       build/stm32f0xx_hal_i2c.o
HAL_I2C_Master_Transmit_IT                        build/stm32f0xx_hal_i2c.o
HAL_I2C_MemRxCpltCallback                         build/stm32f0xx_hal_i2c.o
HAL_I2C_MemTxCpltCallback                         build/stm32f0xx_hal_i2c.o
HAL_I2C_Mem_Read                                  build/stm32f0xx_hal_i2c.o
HAL_I2C_Mem_Read_DMA                              build/stm32f0xx_hal_i2c.o
HAL_I2C_Mem_Read_IT                               build/stm32f0xx_hal_i2c.o
HAL_I2C_Mem_Write                                 build/stm32f0xx_hal_i2c.o
HAL_I2C_Mem_Write_DMA                             build/stm32f0xx_hal_i2c.o
HAL_I2C_Mem_Write_IT                              build/stm32f0xx_hal_i2c.o
HAL_I2C_MspDeInit                                 build/stm32f0xx_hal_i2c.o
HAL_I2C_MspInit                                   build/stm32f0xx_hal_i2c.o
HAL_I2C_SlaveRxCpltCallback                       build/stm32f0xx_hal_i2c.o
HAL_I2C_SlaveTxCpltCallback                       build/stm32f0xx_hal_i2c.o
HAL_I2C_Slave_Receive                             build/stm32f0xx_hal_i2c.o
HAL_I2C_Slave_Receive_DMA                         build/stm32f0xx_hal_i2c.o
HAL_I2C_Slave_Receive_IT                          build/stm32f0xx_hal_i2c.o
HAL_I2C_Slave_Seq_Receive_DMA                     build/stm32f0xx_hal_i2c.o
HAL_I2C_Slave_Seq_Receive_IT                      build/stm32f0xx_hal_i2c.o
HAL_I2C_Slave_Seq_Transmit_DMA                    build/stm32f0xx_hal_i2c.o
HAL_I2C_Slave_Seq_Transmit_IT                     build/stm32f0xx_hal_i2c.o
HAL_I2C_Slave_Transmit                            build/stm32f0xx_hal_i2c.o
HAL_I2C_Slave_Transmit_DMA                        build/stm32f0xx_hal_i2c.o
HAL_I2C_Slave_Transmit_IT                         build/stm32f0xx_hal_i2c.o
HAL_IncTick                                       build/stm32f0xx_hal.o
                                                  build/stm32f0xx_it.o
HAL_Init                                          build/stm32f0xx_hal.o
                                                  build/main.o
HAL_InitTick                                      build/stm32f0xx_hal.o
                                                  build/stm32f0xx_hal_rcc.o
HAL_LIN_Init                                      build/stm32f0xx_hal_uart.o
HAL_LIN_SendBreak                                 build/stm32f0xx_hal_uart.o
HAL_MspDeInit                                     build/stm32f0xx_hal.o
HAL_MspInit                                       build/stm32f0xx_hal_msp.o
HAL_MultiProcessorEx_AddressLength_Set            build/stm32f0xx_hal_uart_ex.o
HAL_MultiProcessor_DisableMuteMode                build/stm32f0xx_hal_uart.o
HAL_MultiProcessor_EnableMuteMode                 build/stm32f0xx_hal_uart.o
HAL_MultiProcessor_EnterMuteMode                  build/stm32f0xx_hal_uart.o
HAL_MultiProcessor_Init                           build/stm32f0xx_hal_uart.o
HAL_NVIC_ClearPendingIRQ                          build/stm32f0xx_hal_cortex.o
HAL_NVIC_DisableIRQ                               build/stm32f0xx_hal_cortex.o
                                                  build/usbd_conf.o
                                                  build/usart.o
HAL_NVIC_EnableIRQ                                build/stm32f0xx_hal_cortex.o
                                                  build/usbd_conf.o
                                                  build/usart.o
HAL_NVIC_GetPendingIRQ                            build/stm32f0xx_hal_cortex.o
HAL_NVIC_GetPriority                              build/stm32f0xx_hal_cortex.o
HAL_NVIC_SetPendingIRQ                            build/stm32f0xx_hal_cortex.o
HAL_NVIC_SetPriority                              build/stm32f0xx_hal_cortex.o
                                                  build/usbd_conf.o
                                                  build/stm32f0xx_hal.o
                                                  build/usart.o
HAL_NVIC_SystemReset                              build/stm32f0xx_hal_cortex.o
HAL_PCDEx_ActivateBCD                             build/stm32f0xx_hal_pcd_ex.o
HAL_PCDEx_ActivateLPM                             build/stm32f0xx_hal_pcd_ex.o
                                                  build/stm32f0xx_hal_pcd.o
HAL_PCDEx_BCD_Callback                            build/stm32f0xx_hal_pcd_ex.o
HAL_PCDEx_BCD_VBUSDetect                          build/stm32f0xx_hal_pcd_ex.o
HAL_PCDEx_DeActivateBCD                           build/stm32f0xx_hal_pcd_ex.o
HAL_PCDEx_DeActivateLPM                           build/stm32f0xx_hal_pcd_ex.o
HAL_PCDEx_LPM_Callback                            build/stm32f0xx_hal_pcd_ex.o
                                                  build/stm32f0xx_hal_pcd.o
HAL_PCDEx_PMAConfig                               build/stm32f0xx_hal_pcd_ex.o
                                                  build/usbd_conf.o
HAL_PCD_ActivateRemoteWakeup                      build/stm32f0xx_hal_pcd.o
HAL_PCD_ConnectCallback                           build/usbd_conf.o
                                                  build/stm32f0xx_hal_pcd.o
HAL_PCD_DataInStageCallback                       build/usbd_conf.o
                                                  build/stm32f0xx_hal_pcd.o
HAL_PCD_DataOutStageCallback                      build/usbd_conf.o
                                                  build/stm32f0xx_hal_pcd.o
HAL_PCD_DeActivateRemoteWakeup                    build/stm32f0xx_hal_pcd.o
HAL_PCD_DeInit                                    build/stm32f0xx_hal_pcd.o
                                                  build/usbd_conf.o
HAL_PCD_DevConnect                                build/stm32f0xx_hal_pcd.o
HAL_PCD_DevDisconnect                             build/stm32f0xx_hal_pcd.o
HAL_PCD_DisconnectCallback                        build/usbd_conf.o
                                                  build/stm32f0xx_hal_pcd.o
HAL_PCD_EP_Abort                                  build/stm32f0xx_hal_pcd.o
HAL_PCD_EP_Close                                  build/stm32f0xx_hal_pcd.o
                                                  build/usbd_conf.o
HAL_PCD_EP_ClrStall                               build/stm32f0xx_hal_pcd.o
                                                  build/usbd_conf.o
HAL_PCD_EP_Flush                                  build/stm32f0xx_hal_pcd.o
                                                  build/usbd_conf.o
HAL_PCD_EP_GetRxCount                             build/stm32f0xx_hal_pcd.o
                                                  build/usbd_conf.o
HAL_PCD_EP_Open                                   build/stm32f0xx_hal_pcd.o
                                                  build/usbd_conf.o
HAL_PCD_EP_Receive                                build/stm32f0xx_hal_pcd.o
                                                  build/usbd_conf.o
HAL_PCD_EP_SetStall                               build/stm32f0xx_hal_pcd.o
                                                  build/usbd_conf.o
HAL_PCD_EP_Transmit                               build/stm32f0xx_hal_pcd.o
                                                  build/usbd_conf.o
HAL_PCD_GetState                                  build/stm32f0xx_hal_pcd.o
HAL_PCD_IRQHandler                                build/stm32f0xx_hal_pcd.o
                                                  build/stm32f0xx_it.o
HAL_PCD_ISOINIncompleteCallback                   build/usbd_conf.o
                                                  build/stm32f0xx_hal_pcd.o
HAL_PCD_ISOOUTIncompleteCallback                  build/usbd_conf.o
                                                  build/stm32f0xx_hal_pcd.o
HAL_PCD_Init                                      build/stm32f0xx_hal_pcd.o
                                                  build/usbd_conf.o
HAL_PCD_MspDeInit                                 build/usbd_conf.o
                                                  build/stm32f0xx_hal_pcd.o
HAL_PCD_MspInit                                   build/usbd_conf.o
                                                  build/stm32f0xx_hal_pcd.o
HAL_PCD_ResetCallback                             build/usbd_conf.o
                                                  build/stm32f0xx_hal_pcd.o
HAL_PCD_ResumeCallback                            build/usbd_conf.o
                                                  build/stm32f0xx_hal_pcd.o
HAL_PCD_SOFCallback                               build/usbd_conf.o
                                                  build/stm32f0xx_hal_pcd.o
HAL_PCD_SetAddress                                build/stm32f0xx_hal_pcd.o
                                                  build/usbd_conf.o
HAL_PCD_SetupStageCallback                        build/usbd_conf.o
                                                  build/stm32f0xx_hal_pcd.o
HAL_PCD_Start                                     build/stm32f0xx_hal_pcd.o
                                                  build/usbd_conf.o
HAL_PCD_Stop                                      build/stm32f0xx_hal_pcd.o
                                                  build/usbd_conf.o
HAL_PCD_SuspendCallback                           build/usbd_conf.o
                                                  build/stm32f0xx_hal_pcd.o
HAL_PWREx_DisableVddio2Monitor                    build/stm32f0xx_hal_pwr_ex.o
HAL_PWREx_EnableVddio2Monitor                     build/stm32f0xx_hal_pwr_ex.o
HAL_PWREx_Vddio2MonitorCallback                   build/stm32f0xx_hal_pwr_ex.o
HAL_PWREx_Vddio2Monitor_IRQHandler                build/stm32f0xx_hal_pwr_ex.o
HAL_PWR_ConfigPVD                                 build/stm32f0xx_hal_pwr_ex.o
HAL_PWR_DeInit                                    build/stm32f0xx_hal_pwr.o
HAL_PWR_DisableBkUpAccess                         build/stm32f0xx_hal_pwr.o
HAL_PWR_DisablePVD                                build/stm32f0xx_hal_pwr_ex.o
HAL_PWR_DisableSEVOnPend                          build/stm32f0xx_hal_pwr.o
HAL_PWR_DisableSleepOnExit                        build/stm32f0xx_hal_pwr.o
HAL_PWR_DisableWakeUpPin                          build/stm32f0xx_hal_pwr.o
HAL_PWR_EnableBkUpAccess                          build/stm32f0xx_hal_pwr.o
HAL_PWR_EnablePVD                                 build/stm32f0xx_hal_pwr_ex.o
HAL_PWR_EnableSEVOnPend                           build/stm32f0xx_hal_pwr.o
HAL_PWR_EnableSleepOnExit                         build/stm32f0xx_hal_pwr.o
HAL_PWR_EnableWakeUpPin                           build/stm32f0xx_hal_pwr.o
HAL_PWR_EnterSLEEPMode                            build/stm32f0xx_hal_pwr.o
HAL_PWR_EnterSTANDBYMode                          build/stm32f0xx_hal_pwr.o
HAL_PWR_EnterSTOPMode                             build/stm32f0xx_hal_pwr.o
HAL_PWR_PVDCallback                               build/stm32f0xx_hal_pwr_ex.o
HAL_PWR_PVD_IRQHandler                            build/stm32f0xx_hal_pwr_ex.o
HAL_RCCEx_CRSConfig                               build/stm32f0xx_hal_rcc_ex.o
HAL_RCCEx_CRSGetSynchronizationInfo               build/stm32f0xx_hal_rcc_ex.o
HAL_RCCEx_CRSSoftwareSynchronizationGenerate      build/stm32f0xx_hal_rcc_ex.o
HAL_RCCEx_CRSWaitSynchronization                  build/stm32f0xx_hal_rcc_ex.o
HAL_RCCEx_CRS_ErrorCallback                       build/stm32f0xx_hal_rcc_ex.o
HAL_RCCEx_CRS_ExpectedSyncCallback                build/stm32f0xx_hal_rcc_ex.o
HAL_RCCEx_CRS_IRQHandler                          build/stm32f0xx_hal_rcc_ex.o
HAL_RCCEx_CRS_SyncOkCallback                      build/stm32f0xx_hal_rcc_ex.o
HAL_RCCEx_CRS_SyncWarnCallback                    build/stm32f0xx_hal_rcc_ex.o
HAL_RCCEx_GetPeriphCLKConfig                      build/stm32f0xx_hal_rcc_ex.o
HAL_RCCEx_GetPeriphCLKFreq                        build/stm32f0xx_hal_rcc_ex.o
HAL_RCCEx_PeriphCLKConfig                         build/stm32f0xx_hal_rcc_ex.o
                                                  build/main.o
HAL_RCC_CSSCallback                               build/stm32f0xx_hal_rcc.o
HAL_RCC_ClockConfig                               build/stm32f0xx_hal_rcc.o
                                                  build/main.o
HAL_RCC_DeInit                                    build/stm32f0xx_hal_rcc.o
HAL_RCC_DisableCSS                                build/stm32f0xx_hal_rcc.o
HAL_RCC_EnableCSS                                 build/stm32f0xx_hal_rcc.o
HAL_RCC_GetClockConfig                            build/stm32f0xx_hal_rcc.o
HAL_RCC_GetHCLKFreq                               build/stm32f0xx_hal_rcc.o
HAL_RCC_GetOscConfig                              build/stm32f0xx_hal_rcc.o
HAL_RCC_GetPCLK1Freq                              build/stm32f0xx_hal_rcc.o
                                                  build/stm32f0xx_hal_uart.o
                                                  build/stm32f0xx_hal_rcc_ex.o
HAL_RCC_GetSysClockFreq                           build/stm32f0xx_hal_rcc.o
                                                  build/stm32f0xx_hal_uart.o
                                                  build/stm32f0xx_hal_rcc_ex.o
HAL_RCC_MCOConfig                                 build/stm32f0xx_hal_rcc.o
HAL_RCC_NMI_IRQHandler                            build/stm32f0xx_hal_rcc.o